[35m[1mConsolidate compiler generated dependencies of target lslidar_msgs__rosidl_generator_c[0m
[  1%] Built target lslidar_msgs__cpp
[  3%] [32mBuilding C object CMakeFiles/lslidar_msgs__rosidl_generator_c.dir/rosidl_generator_c/lslidar_msgs/msg/detail/lslidar_difop__functions.c.o[0m
[  4%] [32mBuilding C object CMakeFiles/lslidar_msgs__rosidl_generator_c.dir/rosidl_generator_c/lslidar_msgs/msg/detail/lslidar_packet__functions.c.o[0m
[  6%] [32mBuilding C object CMakeFiles/lslidar_msgs__rosidl_generator_c.dir/rosidl_generator_c/lslidar_msgs/msg/detail/lslidar_scan__functions.c.o[0m
[  7%] [32mBuilding C object CMakeFiles/lslidar_msgs__rosidl_generator_c.dir/rosidl_generator_c/lslidar_msgs/msg/detail/lslidar_point__functions.c.o[0m
[  9%] [32mBuilding C object CMakeFiles/lslidar_msgs__rosidl_generator_c.dir/rosidl_generator_c/lslidar_msgs/msg/detail/lslidar_sweep__functions.c.o[0m
[35m[1mConsolidate compiler generated dependencies of target lslidar_msgs__rosidl_typesupport_cpp[0m
[35m[1mConsolidate compiler generated dependencies of target lslidar_msgs__rosidl_typesupport_introspection_cpp[0m
[35m[1mConsolidate compiler generated dependencies of target lslidar_msgs__rosidl_typesupport_fastrtps_cpp[0m
[  9%] Built target ament_cmake_python_copy_lslidar_msgs
[ 11%] [32mBuilding CXX object CMakeFiles/lslidar_msgs__rosidl_typesupport_cpp.dir/rosidl_typesupport_cpp/lslidar_msgs/msg/lslidar_difop__type_support.cpp.o[0m
[ 12%] [32mBuilding CXX object CMakeFiles/lslidar_msgs__rosidl_typesupport_cpp.dir/rosidl_typesupport_cpp/lslidar_msgs/msg/lslidar_packet__type_support.cpp.o[0m
[ 14%] [32mBuilding CXX object CMakeFiles/lslidar_msgs__rosidl_typesupport_introspection_cpp.dir/rosidl_typesupport_introspection_cpp/lslidar_msgs/msg/detail/lslidar_difop__type_support.cpp.o[0m
[ 15%] [32mBuilding CXX object CMakeFiles/lslidar_msgs__rosidl_typesupport_cpp.dir/rosidl_typesupport_cpp/lslidar_msgs/msg/lslidar_scan__type_support.cpp.o[0m
[ 19%] [32mBuilding CXX object CMakeFiles/lslidar_msgs__rosidl_typesupport_introspection_cpp.dir/rosidl_typesupport_introspection_cpp/lslidar_msgs/msg/detail/lslidar_packet__type_support.cpp.o[0m
[ 19%] [32mBuilding CXX object CMakeFiles/lslidar_msgs__rosidl_typesupport_fastrtps_cpp.dir/rosidl_typesupport_fastrtps_cpp/lslidar_msgs/msg/detail/dds_fastrtps/lslidar_difop__type_support.cpp.o[0m
[ 20%] [32mBuilding CXX object CMakeFiles/lslidar_msgs__rosidl_typesupport_introspection_cpp.dir/rosidl_typesupport_introspection_cpp/lslidar_msgs/msg/detail/lslidar_point__type_support.cpp.o[0m
[ 22%] [32mBuilding CXX object CMakeFiles/lslidar_msgs__rosidl_typesupport_fastrtps_cpp.dir/rosidl_typesupport_fastrtps_cpp/lslidar_msgs/msg/detail/dds_fastrtps/lslidar_packet__type_support.cpp.o[0m
[ 25%] [32mBuilding CXX object CMakeFiles/lslidar_msgs__rosidl_typesupport_cpp.dir/rosidl_typesupport_cpp/lslidar_msgs/msg/lslidar_point__type_support.cpp.o[0m
[ 25%] [32mBuilding CXX object CMakeFiles/lslidar_msgs__rosidl_typesupport_fastrtps_cpp.dir/rosidl_typesupport_fastrtps_cpp/lslidar_msgs/msg/detail/dds_fastrtps/lslidar_point__type_support.cpp.o[0m
[ 26%] [32mBuilding CXX object CMakeFiles/lslidar_msgs__rosidl_typesupport_fastrtps_cpp.dir/rosidl_typesupport_fastrtps_cpp/lslidar_msgs/msg/detail/dds_fastrtps/lslidar_sweep__type_support.cpp.o[0m
[ 28%] [32mBuilding CXX object CMakeFiles/lslidar_msgs__rosidl_typesupport_cpp.dir/rosidl_typesupport_cpp/lslidar_msgs/msg/lslidar_sweep__type_support.cpp.o[0m
[ 30%] [32mBuilding CXX object CMakeFiles/lslidar_msgs__rosidl_typesupport_fastrtps_cpp.dir/rosidl_typesupport_fastrtps_cpp/lslidar_msgs/msg/detail/dds_fastrtps/lslidar_scan__type_support.cpp.o[0m
[ 31%] [32mBuilding CXX object CMakeFiles/lslidar_msgs__rosidl_typesupport_introspection_cpp.dir/rosidl_typesupport_introspection_cpp/lslidar_msgs/msg/detail/lslidar_scan__type_support.cpp.o[0m
[ 33%] [32m[1mLinking C shared library liblslidar_msgs__rosidl_generator_c.so[0m
running egg_info
writing lslidar_msgs.egg-info/PKG-INFO
writing dependency_links to lslidar_msgs.egg-info/dependency_links.txt
writing top-level names to lslidar_msgs.egg-info/top_level.txt
reading manifest file 'lslidar_msgs.egg-info/SOURCES.txt'
writing manifest file 'lslidar_msgs.egg-info/SOURCES.txt'
[ 33%] Built target ament_cmake_python_build_lslidar_msgs_egg
[ 34%] [32mBuilding CXX object CMakeFiles/lslidar_msgs__rosidl_typesupport_introspection_cpp.dir/rosidl_typesupport_introspection_cpp/lslidar_msgs/msg/detail/lslidar_sweep__type_support.cpp.o[0m
[ 36%] Built target lslidar_msgs__rosidl_generator_c
[35m[1mConsolidate compiler generated dependencies of target lslidar_msgs__rosidl_typesupport_fastrtps_c[0m
[ 38%] [32mBuilding CXX object CMakeFiles/lslidar_msgs__rosidl_typesupport_fastrtps_c.dir/rosidl_typesupport_fastrtps_c/lslidar_msgs/msg/detail/lslidar_difop__type_support_c.cpp.o[0m
[35m[1mConsolidate compiler generated dependencies of target lslidar_msgs__rosidl_typesupport_c[0m
[35m[1mConsolidate compiler generated dependencies of target lslidar_msgs__rosidl_typesupport_introspection_c[0m
[ 39%] [32mBuilding CXX object CMakeFiles/lslidar_msgs__rosidl_typesupport_c.dir/rosidl_typesupport_c/lslidar_msgs/msg/lslidar_difop__type_support.cpp.o[0m
[ 41%] [32mBuilding C object CMakeFiles/lslidar_msgs__rosidl_typesupport_introspection_c.dir/rosidl_typesupport_introspection_c/lslidar_msgs/msg/detail/lslidar_difop__type_support.c.o[0m
[ 42%] [32mBuilding CXX object CMakeFiles/lslidar_msgs__rosidl_typesupport_fastrtps_c.dir/rosidl_typesupport_fastrtps_c/lslidar_msgs/msg/detail/lslidar_packet__type_support_c.cpp.o[0m
[ 44%] [32mBuilding C object CMakeFiles/lslidar_msgs__rosidl_typesupport_introspection_c.dir/rosidl_typesupport_introspection_c/lslidar_msgs/msg/detail/lslidar_packet__type_support.c.o[0m
[ 46%] [32m[1mLinking CXX shared library liblslidar_msgs__rosidl_typesupport_cpp.so[0m
[ 47%] [32mBuilding CXX object CMakeFiles/lslidar_msgs__rosidl_typesupport_c.dir/rosidl_typesupport_c/lslidar_msgs/msg/lslidar_packet__type_support.cpp.o[0m
[ 49%] [32mBuilding C object CMakeFiles/lslidar_msgs__rosidl_typesupport_introspection_c.dir/rosidl_typesupport_introspection_c/lslidar_msgs/msg/detail/lslidar_point__type_support.c.o[0m
[ 50%] [32mBuilding C object CMakeFiles/lslidar_msgs__rosidl_typesupport_introspection_c.dir/rosidl_typesupport_introspection_c/lslidar_msgs/msg/detail/lslidar_scan__type_support.c.o[0m
[ 52%] [32mBuilding CXX object CMakeFiles/lslidar_msgs__rosidl_typesupport_c.dir/rosidl_typesupport_c/lslidar_msgs/msg/lslidar_point__type_support.cpp.o[0m
[ 53%] [32mBuilding C object CMakeFiles/lslidar_msgs__rosidl_typesupport_introspection_c.dir/rosidl_typesupport_introspection_c/lslidar_msgs/msg/detail/lslidar_sweep__type_support.c.o[0m
[ 55%] [32mBuilding CXX object CMakeFiles/lslidar_msgs__rosidl_typesupport_c.dir/rosidl_typesupport_c/lslidar_msgs/msg/lslidar_scan__type_support.cpp.o[0m
[ 57%] [32mBuilding CXX object CMakeFiles/lslidar_msgs__rosidl_typesupport_fastrtps_c.dir/rosidl_typesupport_fastrtps_c/lslidar_msgs/msg/detail/lslidar_point__type_support_c.cpp.o[0m
[ 58%] [32mBuilding CXX object CMakeFiles/lslidar_msgs__rosidl_typesupport_fastrtps_c.dir/rosidl_typesupport_fastrtps_c/lslidar_msgs/msg/detail/lslidar_scan__type_support_c.cpp.o[0m
[ 60%] [32mBuilding CXX object CMakeFiles/lslidar_msgs__rosidl_typesupport_fastrtps_c.dir/rosidl_typesupport_fastrtps_c/lslidar_msgs/msg/detail/lslidar_sweep__type_support_c.cpp.o[0m
[ 61%] [32mBuilding CXX object CMakeFiles/lslidar_msgs__rosidl_typesupport_c.dir/rosidl_typesupport_c/lslidar_msgs/msg/lslidar_sweep__type_support.cpp.o[0m
[ 63%] [32m[1mLinking C shared library liblslidar_msgs__rosidl_typesupport_introspection_c.so[0m
[ 65%] [32m[1mLinking CXX shared library liblslidar_msgs__rosidl_typesupport_c.so[0m
[ 66%] Built target lslidar_msgs__rosidl_typesupport_cpp
[ 68%] [32m[1mLinking CXX shared library liblslidar_msgs__rosidl_typesupport_fastrtps_cpp.so[0m
[ 69%] Built target lslidar_msgs__rosidl_typesupport_introspection_c
[ 71%] Built target lslidar_msgs__rosidl_typesupport_c
[ 73%] [32m[1mLinking CXX shared library liblslidar_msgs__rosidl_typesupport_introspection_cpp.so[0m
[ 74%] Built target lslidar_msgs__rosidl_typesupport_fastrtps_cpp
[ 76%] [32m[1mLinking CXX shared library liblslidar_msgs__rosidl_typesupport_fastrtps_c.so[0m
[ 77%] Built target lslidar_msgs__rosidl_typesupport_introspection_cpp
[ 79%] Built target lslidar_msgs__rosidl_typesupport_fastrtps_c
[ 79%] Built target lslidar_msgs
[ 80%] Built target lslidar_msgs__py
[35m[1mConsolidate compiler generated dependencies of target lslidar_msgs__rosidl_generator_py[0m
[ 82%] [32mBuilding C object CMakeFiles/lslidar_msgs__rosidl_generator_py.dir/rosidl_generator_py/lslidar_msgs/msg/_lslidar_difop_s.c.o[0m
[ 84%] [32mBuilding C object CMakeFiles/lslidar_msgs__rosidl_generator_py.dir/rosidl_generator_py/lslidar_msgs/msg/_lslidar_point_s.c.o[0m
[ 85%] [32mBuilding C object CMakeFiles/lslidar_msgs__rosidl_generator_py.dir/rosidl_generator_py/lslidar_msgs/msg/_lslidar_sweep_s.c.o[0m
[ 87%] [32mBuilding C object CMakeFiles/lslidar_msgs__rosidl_generator_py.dir/rosidl_generator_py/lslidar_msgs/msg/_lslidar_packet_s.c.o[0m
[ 88%] [32mBuilding C object CMakeFiles/lslidar_msgs__rosidl_generator_py.dir/rosidl_generator_py/lslidar_msgs/msg/_lslidar_scan_s.c.o[0m
[ 90%] [32m[1mLinking C shared library rosidl_generator_py/lslidar_msgs/liblslidar_msgs__rosidl_generator_py.so[0m
[ 90%] Built target lslidar_msgs__rosidl_generator_py
[35m[1mConsolidate compiler generated dependencies of target lslidar_msgs__rosidl_typesupport_fastrtps_c__pyext[0m
[35m[1mConsolidate compiler generated dependencies of target lslidar_msgs__rosidl_typesupport_introspection_c__pyext[0m
[35m[1mConsolidate compiler generated dependencies of target lslidar_msgs__rosidl_typesupport_c__pyext[0m
[ 92%] [32mBuilding C object CMakeFiles/lslidar_msgs__rosidl_typesupport_fastrtps_c__pyext.dir/rosidl_generator_py/lslidar_msgs/_lslidar_msgs_s.ep.rosidl_typesupport_fastrtps_c.c.o[0m
[ 93%] [32mBuilding C object CMakeFiles/lslidar_msgs__rosidl_typesupport_introspection_c__pyext.dir/rosidl_generator_py/lslidar_msgs/_lslidar_msgs_s.ep.rosidl_typesupport_introspection_c.c.o[0m
[ 95%] [32mBuilding C object CMakeFiles/lslidar_msgs__rosidl_typesupport_c__pyext.dir/rosidl_generator_py/lslidar_msgs/_lslidar_msgs_s.ep.rosidl_typesupport_c.c.o[0m
[ 96%] [32m[1mLinking C shared library rosidl_generator_py/lslidar_msgs/lslidar_msgs_s__rosidl_typesupport_introspection_c.cpython-310-x86_64-linux-gnu.so[0m
[100%] [32m[1mLinking C shared library rosidl_generator_py/lslidar_msgs/lslidar_msgs_s__rosidl_typesupport_fastrtps_c.cpython-310-x86_64-linux-gnu.so[0m
[100%] [32m[1mLinking C shared library rosidl_generator_py/lslidar_msgs/lslidar_msgs_s__rosidl_typesupport_c.cpython-310-x86_64-linux-gnu.so[0m
[100%] Built target lslidar_msgs__rosidl_typesupport_introspection_c__pyext
[100%] Built target lslidar_msgs__rosidl_typesupport_fastrtps_c__pyext
[100%] Built target lslidar_msgs__rosidl_typesupport_c__pyext
-- Install configuration: ""
-- Up-to-date: /home/yys/cleaning_robot_ws/install/lslidar_msgs/share/ament_index/resource_index/rosidl_interfaces/lslidar_msgs
-- Up-to-date: /home/yys/cleaning_robot_ws/install/lslidar_msgs/include/lslidar_msgs/lslidar_msgs
-- Up-to-date: /home/yys/cleaning_robot_ws/install/lslidar_msgs/include/lslidar_msgs/lslidar_msgs/msg
-- Up-to-date: /home/yys/cleaning_robot_ws/install/lslidar_msgs/include/lslidar_msgs/lslidar_msgs/msg/lslidar_sweep.h
-- Up-to-date: /home/yys/cleaning_robot_ws/install/lslidar_msgs/include/lslidar_msgs/lslidar_msgs/msg/detail
-- Up-to-date: /home/yys/cleaning_robot_ws/install/lslidar_msgs/include/lslidar_msgs/lslidar_msgs/msg/detail/lslidar_scan__struct.h
-- Up-to-date: /home/yys/cleaning_robot_ws/install/lslidar_msgs/include/lslidar_msgs/lslidar_msgs/msg/detail/lslidar_scan__type_support.h
-- Up-to-date: /home/yys/cleaning_robot_ws/install/lslidar_msgs/include/lslidar_msgs/lslidar_msgs/msg/detail/lslidar_sweep__functions.h
-- Up-to-date: /home/yys/cleaning_robot_ws/install/lslidar_msgs/include/lslidar_msgs/lslidar_msgs/msg/detail/lslidar_packet__type_support.h
-- Up-to-date: /home/yys/cleaning_robot_ws/install/lslidar_msgs/include/lslidar_msgs/lslidar_msgs/msg/detail/lslidar_difop__functions.h
-- Up-to-date: /home/yys/cleaning_robot_ws/install/lslidar_msgs/include/lslidar_msgs/lslidar_msgs/msg/detail/lslidar_difop__type_support.h
-- Up-to-date: /home/yys/cleaning_robot_ws/install/lslidar_msgs/include/lslidar_msgs/lslidar_msgs/msg/detail/lslidar_scan__functions.h
-- Up-to-date: /home/yys/cleaning_robot_ws/install/lslidar_msgs/include/lslidar_msgs/lslidar_msgs/msg/detail/lslidar_difop__struct.h
-- Up-to-date: /home/yys/cleaning_robot_ws/install/lslidar_msgs/include/lslidar_msgs/lslidar_msgs/msg/detail/lslidar_packet__struct.h
-- Up-to-date: /home/yys/cleaning_robot_ws/install/lslidar_msgs/include/lslidar_msgs/lslidar_msgs/msg/detail/lslidar_point__functions.c
-- Up-to-date: /home/yys/cleaning_robot_ws/install/lslidar_msgs/include/lslidar_msgs/lslidar_msgs/msg/detail/lslidar_packet__functions.c
-- Up-to-date: /home/yys/cleaning_robot_ws/install/lslidar_msgs/include/lslidar_msgs/lslidar_msgs/msg/detail/lslidar_sweep__type_support.h
-- Up-to-date: /home/yys/cleaning_robot_ws/install/lslidar_msgs/include/lslidar_msgs/lslidar_msgs/msg/detail/lslidar_sweep__struct.h
-- Up-to-date: /home/yys/cleaning_robot_ws/install/lslidar_msgs/include/lslidar_msgs/lslidar_msgs/msg/detail/lslidar_packet__functions.h
-- Up-to-date: /home/yys/cleaning_robot_ws/install/lslidar_msgs/include/lslidar_msgs/lslidar_msgs/msg/detail/lslidar_scan__functions.c
-- Up-to-date: /home/yys/cleaning_robot_ws/install/lslidar_msgs/include/lslidar_msgs/lslidar_msgs/msg/detail/lslidar_sweep__functions.c
-- Up-to-date: /home/yys/cleaning_robot_ws/install/lslidar_msgs/include/lslidar_msgs/lslidar_msgs/msg/detail/lslidar_point__functions.h
-- Up-to-date: /home/yys/cleaning_robot_ws/install/lslidar_msgs/include/lslidar_msgs/lslidar_msgs/msg/detail/lslidar_difop__functions.c
-- Up-to-date: /home/yys/cleaning_robot_ws/install/lslidar_msgs/include/lslidar_msgs/lslidar_msgs/msg/detail/lslidar_point__type_support.h
-- Up-to-date: /home/yys/cleaning_robot_ws/install/lslidar_msgs/include/lslidar_msgs/lslidar_msgs/msg/detail/lslidar_point__struct.h
-- Up-to-date: /home/yys/cleaning_robot_ws/install/lslidar_msgs/include/lslidar_msgs/lslidar_msgs/msg/lslidar_packet.h
-- Up-to-date: /home/yys/cleaning_robot_ws/install/lslidar_msgs/include/lslidar_msgs/lslidar_msgs/msg/lslidar_point.h
-- Up-to-date: /home/yys/cleaning_robot_ws/install/lslidar_msgs/include/lslidar_msgs/lslidar_msgs/msg/lslidar_difop.h
-- Up-to-date: /home/yys/cleaning_robot_ws/install/lslidar_msgs/include/lslidar_msgs/lslidar_msgs/msg/rosidl_generator_c__visibility_control.h
-- Up-to-date: /home/yys/cleaning_robot_ws/install/lslidar_msgs/include/lslidar_msgs/lslidar_msgs/msg/lslidar_scan.h
-- Up-to-date: /home/yys/cleaning_robot_ws/install/lslidar_msgs/share/lslidar_msgs/environment/library_path.sh
-- Up-to-date: /home/yys/cleaning_robot_ws/install/lslidar_msgs/share/lslidar_msgs/environment/library_path.dsv
-- Installing: /home/yys/cleaning_robot_ws/install/lslidar_msgs/lib/liblslidar_msgs__rosidl_generator_c.so
-- Set runtime path of "/home/yys/cleaning_robot_ws/install/lslidar_msgs/lib/liblslidar_msgs__rosidl_generator_c.so" to ""
-- Up-to-date: /home/yys/cleaning_robot_ws/install/lslidar_msgs/include/lslidar_msgs/lslidar_msgs
-- Up-to-date: /home/yys/cleaning_robot_ws/install/lslidar_msgs/include/lslidar_msgs/lslidar_msgs/msg
-- Up-to-date: /home/yys/cleaning_robot_ws/install/lslidar_msgs/include/lslidar_msgs/lslidar_msgs/msg/detail
-- Up-to-date: /home/yys/cleaning_robot_ws/install/lslidar_msgs/include/lslidar_msgs/lslidar_msgs/msg/detail/lslidar_packet__rosidl_typesupport_fastrtps_c.h
-- Up-to-date: /home/yys/cleaning_robot_ws/install/lslidar_msgs/include/lslidar_msgs/lslidar_msgs/msg/detail/lslidar_point__rosidl_typesupport_fastrtps_c.h
-- Up-to-date: /home/yys/cleaning_robot_ws/install/lslidar_msgs/include/lslidar_msgs/lslidar_msgs/msg/detail/lslidar_sweep__rosidl_typesupport_fastrtps_c.h
-- Up-to-date: /home/yys/cleaning_robot_ws/install/lslidar_msgs/include/lslidar_msgs/lslidar_msgs/msg/detail/lslidar_difop__rosidl_typesupport_fastrtps_c.h
-- Up-to-date: /home/yys/cleaning_robot_ws/install/lslidar_msgs/include/lslidar_msgs/lslidar_msgs/msg/detail/lslidar_scan__rosidl_typesupport_fastrtps_c.h
-- Up-to-date: /home/yys/cleaning_robot_ws/install/lslidar_msgs/include/lslidar_msgs/lslidar_msgs/msg/rosidl_typesupport_fastrtps_c__visibility_control.h
-- Installing: /home/yys/cleaning_robot_ws/install/lslidar_msgs/lib/liblslidar_msgs__rosidl_typesupport_fastrtps_c.so
-- Set runtime path of "/home/yys/cleaning_robot_ws/install/lslidar_msgs/lib/liblslidar_msgs__rosidl_typesupport_fastrtps_c.so" to ""
-- Up-to-date: /home/yys/cleaning_robot_ws/install/lslidar_msgs/include/lslidar_msgs/lslidar_msgs
-- Up-to-date: /home/yys/cleaning_robot_ws/install/lslidar_msgs/include/lslidar_msgs/lslidar_msgs/msg
-- Up-to-date: /home/yys/cleaning_robot_ws/install/lslidar_msgs/include/lslidar_msgs/lslidar_msgs/msg/lslidar_sweep.hpp
-- Up-to-date: /home/yys/cleaning_robot_ws/install/lslidar_msgs/include/lslidar_msgs/lslidar_msgs/msg/detail
-- Up-to-date: /home/yys/cleaning_robot_ws/install/lslidar_msgs/include/lslidar_msgs/lslidar_msgs/msg/detail/lslidar_packet__traits.hpp
-- Up-to-date: /home/yys/cleaning_robot_ws/install/lslidar_msgs/include/lslidar_msgs/lslidar_msgs/msg/detail/lslidar_packet__struct.hpp
-- Up-to-date: /home/yys/cleaning_robot_ws/install/lslidar_msgs/include/lslidar_msgs/lslidar_msgs/msg/detail/lslidar_packet__builder.hpp
-- Up-to-date: /home/yys/cleaning_robot_ws/install/lslidar_msgs/include/lslidar_msgs/lslidar_msgs/msg/detail/lslidar_sweep__builder.hpp
-- Up-to-date: /home/yys/cleaning_robot_ws/install/lslidar_msgs/include/lslidar_msgs/lslidar_msgs/msg/detail/lslidar_scan__struct.hpp
-- Up-to-date: /home/yys/cleaning_robot_ws/install/lslidar_msgs/include/lslidar_msgs/lslidar_msgs/msg/detail/lslidar_sweep__struct.hpp
-- Up-to-date: /home/yys/cleaning_robot_ws/install/lslidar_msgs/include/lslidar_msgs/lslidar_msgs/msg/detail/lslidar_difop__traits.hpp
-- Up-to-date: /home/yys/cleaning_robot_ws/install/lslidar_msgs/include/lslidar_msgs/lslidar_msgs/msg/detail/lslidar_sweep__traits.hpp
-- Up-to-date: /home/yys/cleaning_robot_ws/install/lslidar_msgs/include/lslidar_msgs/lslidar_msgs/msg/detail/lslidar_point__type_support.hpp
-- Up-to-date: /home/yys/cleaning_robot_ws/install/lslidar_msgs/include/lslidar_msgs/lslidar_msgs/msg/detail/lslidar_difop__type_support.hpp
-- Up-to-date: /home/yys/cleaning_robot_ws/install/lslidar_msgs/include/lslidar_msgs/lslidar_msgs/msg/detail/lslidar_sweep__type_support.hpp
-- Up-to-date: /home/yys/cleaning_robot_ws/install/lslidar_msgs/include/lslidar_msgs/lslidar_msgs/msg/detail/lslidar_difop__struct.hpp
-- Up-to-date: /home/yys/cleaning_robot_ws/install/lslidar_msgs/include/lslidar_msgs/lslidar_msgs/msg/detail/lslidar_point__struct.hpp
-- Up-to-date: /home/yys/cleaning_robot_ws/install/lslidar_msgs/include/lslidar_msgs/lslidar_msgs/msg/detail/lslidar_point__traits.hpp
-- Up-to-date: /home/yys/cleaning_robot_ws/install/lslidar_msgs/include/lslidar_msgs/lslidar_msgs/msg/detail/lslidar_point__builder.hpp
-- Up-to-date: /home/yys/cleaning_robot_ws/install/lslidar_msgs/include/lslidar_msgs/lslidar_msgs/msg/detail/lslidar_scan__builder.hpp
-- Up-to-date: /home/yys/cleaning_robot_ws/install/lslidar_msgs/include/lslidar_msgs/lslidar_msgs/msg/detail/lslidar_scan__type_support.hpp
-- Up-to-date: /home/yys/cleaning_robot_ws/install/lslidar_msgs/include/lslidar_msgs/lslidar_msgs/msg/detail/lslidar_packet__type_support.hpp
-- Up-to-date: /home/yys/cleaning_robot_ws/install/lslidar_msgs/include/lslidar_msgs/lslidar_msgs/msg/detail/lslidar_scan__traits.hpp
-- Up-to-date: /home/yys/cleaning_robot_ws/install/lslidar_msgs/include/lslidar_msgs/lslidar_msgs/msg/detail/lslidar_difop__builder.hpp
-- Up-to-date: /home/yys/cleaning_robot_ws/install/lslidar_msgs/include/lslidar_msgs/lslidar_msgs/msg/lslidar_scan.hpp
-- Up-to-date: /home/yys/cleaning_robot_ws/install/lslidar_msgs/include/lslidar_msgs/lslidar_msgs/msg/lslidar_point.hpp
-- Up-to-date: /home/yys/cleaning_robot_ws/install/lslidar_msgs/include/lslidar_msgs/lslidar_msgs/msg/lslidar_difop.hpp
-- Up-to-date: /home/yys/cleaning_robot_ws/install/lslidar_msgs/include/lslidar_msgs/lslidar_msgs/msg/lslidar_packet.hpp
-- Up-to-date: /home/yys/cleaning_robot_ws/install/lslidar_msgs/include/lslidar_msgs/lslidar_msgs/msg/rosidl_generator_cpp__visibility_control.hpp
-- Up-to-date: /home/yys/cleaning_robot_ws/install/lslidar_msgs/include/lslidar_msgs/lslidar_msgs
-- Up-to-date: /home/yys/cleaning_robot_ws/install/lslidar_msgs/include/lslidar_msgs/lslidar_msgs/msg
-- Up-to-date: /home/yys/cleaning_robot_ws/install/lslidar_msgs/include/lslidar_msgs/lslidar_msgs/msg/detail
-- Up-to-date: /home/yys/cleaning_robot_ws/install/lslidar_msgs/include/lslidar_msgs/lslidar_msgs/msg/detail/lslidar_packet__rosidl_typesupport_fastrtps_cpp.hpp
-- Up-to-date: /home/yys/cleaning_robot_ws/install/lslidar_msgs/include/lslidar_msgs/lslidar_msgs/msg/detail/dds_fastrtps
-- Up-to-date: /home/yys/cleaning_robot_ws/install/lslidar_msgs/include/lslidar_msgs/lslidar_msgs/msg/detail/lslidar_scan__rosidl_typesupport_fastrtps_cpp.hpp
-- Up-to-date: /home/yys/cleaning_robot_ws/install/lslidar_msgs/include/lslidar_msgs/lslidar_msgs/msg/detail/lslidar_sweep__rosidl_typesupport_fastrtps_cpp.hpp
-- Up-to-date: /home/yys/cleaning_robot_ws/install/lslidar_msgs/include/lslidar_msgs/lslidar_msgs/msg/detail/lslidar_difop__rosidl_typesupport_fastrtps_cpp.hpp
-- Up-to-date: /home/yys/cleaning_robot_ws/install/lslidar_msgs/include/lslidar_msgs/lslidar_msgs/msg/detail/lslidar_point__rosidl_typesupport_fastrtps_cpp.hpp
-- Up-to-date: /home/yys/cleaning_robot_ws/install/lslidar_msgs/include/lslidar_msgs/lslidar_msgs/msg/rosidl_typesupport_fastrtps_cpp__visibility_control.h
-- Installing: /home/yys/cleaning_robot_ws/install/lslidar_msgs/lib/liblslidar_msgs__rosidl_typesupport_fastrtps_cpp.so
-- Set runtime path of "/home/yys/cleaning_robot_ws/install/lslidar_msgs/lib/liblslidar_msgs__rosidl_typesupport_fastrtps_cpp.so" to ""
-- Up-to-date: /home/yys/cleaning_robot_ws/install/lslidar_msgs/include/lslidar_msgs/lslidar_msgs
-- Up-to-date: /home/yys/cleaning_robot_ws/install/lslidar_msgs/include/lslidar_msgs/lslidar_msgs/msg
-- Up-to-date: /home/yys/cleaning_robot_ws/install/lslidar_msgs/include/lslidar_msgs/lslidar_msgs/msg/detail
-- Up-to-date: /home/yys/cleaning_robot_ws/install/lslidar_msgs/include/lslidar_msgs/lslidar_msgs/msg/detail/lslidar_scan__rosidl_typesupport_introspection_c.h
-- Up-to-date: /home/yys/cleaning_robot_ws/install/lslidar_msgs/include/lslidar_msgs/lslidar_msgs/msg/detail/lslidar_difop__rosidl_typesupport_introspection_c.h
-- Up-to-date: /home/yys/cleaning_robot_ws/install/lslidar_msgs/include/lslidar_msgs/lslidar_msgs/msg/detail/lslidar_difop__type_support.c
-- Up-to-date: /home/yys/cleaning_robot_ws/install/lslidar_msgs/include/lslidar_msgs/lslidar_msgs/msg/detail/lslidar_packet__rosidl_typesupport_introspection_c.h
-- Up-to-date: /home/yys/cleaning_robot_ws/install/lslidar_msgs/include/lslidar_msgs/lslidar_msgs/msg/detail/lslidar_sweep__type_support.c
-- Up-to-date: /home/yys/cleaning_robot_ws/install/lslidar_msgs/include/lslidar_msgs/lslidar_msgs/msg/detail/lslidar_packet__type_support.c
-- Up-to-date: /home/yys/cleaning_robot_ws/install/lslidar_msgs/include/lslidar_msgs/lslidar_msgs/msg/detail/lslidar_scan__type_support.c
-- Up-to-date: /home/yys/cleaning_robot_ws/install/lslidar_msgs/include/lslidar_msgs/lslidar_msgs/msg/detail/lslidar_point__type_support.c
-- Up-to-date: /home/yys/cleaning_robot_ws/install/lslidar_msgs/include/lslidar_msgs/lslidar_msgs/msg/detail/lslidar_sweep__rosidl_typesupport_introspection_c.h
-- Up-to-date: /home/yys/cleaning_robot_ws/install/lslidar_msgs/include/lslidar_msgs/lslidar_msgs/msg/detail/lslidar_point__rosidl_typesupport_introspection_c.h
-- Up-to-date: /home/yys/cleaning_robot_ws/install/lslidar_msgs/include/lslidar_msgs/lslidar_msgs/msg/rosidl_typesupport_introspection_c__visibility_control.h
-- Installing: /home/yys/cleaning_robot_ws/install/lslidar_msgs/lib/liblslidar_msgs__rosidl_typesupport_introspection_c.so
-- Set runtime path of "/home/yys/cleaning_robot_ws/install/lslidar_msgs/lib/liblslidar_msgs__rosidl_typesupport_introspection_c.so" to ""
-- Installing: /home/yys/cleaning_robot_ws/install/lslidar_msgs/lib/liblslidar_msgs__rosidl_typesupport_c.so
-- Set runtime path of "/home/yys/cleaning_robot_ws/install/lslidar_msgs/lib/liblslidar_msgs__rosidl_typesupport_c.so" to ""
-- Up-to-date: /home/yys/cleaning_robot_ws/install/lslidar_msgs/include/lslidar_msgs/lslidar_msgs
-- Up-to-date: /home/yys/cleaning_robot_ws/install/lslidar_msgs/include/lslidar_msgs/lslidar_msgs/msg
-- Up-to-date: /home/yys/cleaning_robot_ws/install/lslidar_msgs/include/lslidar_msgs/lslidar_msgs/msg/detail
-- Up-to-date: /home/yys/cleaning_robot_ws/install/lslidar_msgs/include/lslidar_msgs/lslidar_msgs/msg/detail/lslidar_point__type_support.cpp
-- Up-to-date: /home/yys/cleaning_robot_ws/install/lslidar_msgs/include/lslidar_msgs/lslidar_msgs/msg/detail/lslidar_sweep__type_support.cpp
-- Up-to-date: /home/yys/cleaning_robot_ws/install/lslidar_msgs/include/lslidar_msgs/lslidar_msgs/msg/detail/lslidar_scan__type_support.cpp
-- Up-to-date: /home/yys/cleaning_robot_ws/install/lslidar_msgs/include/lslidar_msgs/lslidar_msgs/msg/detail/lslidar_scan__rosidl_typesupport_introspection_cpp.hpp
-- Up-to-date: /home/yys/cleaning_robot_ws/install/lslidar_msgs/include/lslidar_msgs/lslidar_msgs/msg/detail/lslidar_difop__rosidl_typesupport_introspection_cpp.hpp
-- Up-to-date: /home/yys/cleaning_robot_ws/install/lslidar_msgs/include/lslidar_msgs/lslidar_msgs/msg/detail/lslidar_sweep__rosidl_typesupport_introspection_cpp.hpp
-- Up-to-date: /home/yys/cleaning_robot_ws/install/lslidar_msgs/include/lslidar_msgs/lslidar_msgs/msg/detail/lslidar_packet__rosidl_typesupport_introspection_cpp.hpp
-- Up-to-date: /home/yys/cleaning_robot_ws/install/lslidar_msgs/include/lslidar_msgs/lslidar_msgs/msg/detail/lslidar_point__rosidl_typesupport_introspection_cpp.hpp
-- Up-to-date: /home/yys/cleaning_robot_ws/install/lslidar_msgs/include/lslidar_msgs/lslidar_msgs/msg/detail/lslidar_packet__type_support.cpp
-- Up-to-date: /home/yys/cleaning_robot_ws/install/lslidar_msgs/include/lslidar_msgs/lslidar_msgs/msg/detail/lslidar_difop__type_support.cpp
-- Installing: /home/yys/cleaning_robot_ws/install/lslidar_msgs/lib/liblslidar_msgs__rosidl_typesupport_introspection_cpp.so
-- Set runtime path of "/home/yys/cleaning_robot_ws/install/lslidar_msgs/lib/liblslidar_msgs__rosidl_typesupport_introspection_cpp.so" to ""
-- Installing: /home/yys/cleaning_robot_ws/install/lslidar_msgs/lib/liblslidar_msgs__rosidl_typesupport_cpp.so
-- Set runtime path of "/home/yys/cleaning_robot_ws/install/lslidar_msgs/lib/liblslidar_msgs__rosidl_typesupport_cpp.so" to ""
-- Up-to-date: /home/yys/cleaning_robot_ws/install/lslidar_msgs/share/lslidar_msgs/environment/pythonpath.sh
-- Up-to-date: /home/yys/cleaning_robot_ws/install/lslidar_msgs/share/lslidar_msgs/environment/pythonpath.dsv
-- Up-to-date: /home/yys/cleaning_robot_ws/install/lslidar_msgs/local/lib/python3.10/dist-packages/lslidar_msgs-1.2.0-py3.10.egg-info
-- Installing: /home/yys/cleaning_robot_ws/install/lslidar_msgs/local/lib/python3.10/dist-packages/lslidar_msgs-1.2.0-py3.10.egg-info/PKG-INFO
-- Installing: /home/yys/cleaning_robot_ws/install/lslidar_msgs/local/lib/python3.10/dist-packages/lslidar_msgs-1.2.0-py3.10.egg-info/top_level.txt
-- Installing: /home/yys/cleaning_robot_ws/install/lslidar_msgs/local/lib/python3.10/dist-packages/lslidar_msgs-1.2.0-py3.10.egg-info/dependency_links.txt
-- Installing: /home/yys/cleaning_robot_ws/install/lslidar_msgs/local/lib/python3.10/dist-packages/lslidar_msgs-1.2.0-py3.10.egg-info/SOURCES.txt
-- Up-to-date: /home/yys/cleaning_robot_ws/install/lslidar_msgs/local/lib/python3.10/dist-packages/lslidar_msgs
-- Up-to-date: /home/yys/cleaning_robot_ws/install/lslidar_msgs/local/lib/python3.10/dist-packages/lslidar_msgs/__init__.py
-- Up-to-date: /home/yys/cleaning_robot_ws/install/lslidar_msgs/local/lib/python3.10/dist-packages/lslidar_msgs/_lslidar_msgs_s.ep.rosidl_typesupport_fastrtps_c.c
-- Installing: /home/yys/cleaning_robot_ws/install/lslidar_msgs/local/lib/python3.10/dist-packages/lslidar_msgs/lslidar_msgs_s__rosidl_typesupport_fastrtps_c.cpython-310-x86_64-linux-gnu.so
-- Installing: /home/yys/cleaning_robot_ws/install/lslidar_msgs/local/lib/python3.10/dist-packages/lslidar_msgs/lslidar_msgs_s__rosidl_typesupport_introspection_c.cpython-310-x86_64-linux-gnu.so
-- Up-to-date: /home/yys/cleaning_robot_ws/install/lslidar_msgs/local/lib/python3.10/dist-packages/lslidar_msgs/msg
-- Up-to-date: /home/yys/cleaning_robot_ws/install/lslidar_msgs/local/lib/python3.10/dist-packages/lslidar_msgs/msg/_lslidar_difop_s.c
-- Up-to-date: /home/yys/cleaning_robot_ws/install/lslidar_msgs/local/lib/python3.10/dist-packages/lslidar_msgs/msg/_lslidar_sweep.py
-- Up-to-date: /home/yys/cleaning_robot_ws/install/lslidar_msgs/local/lib/python3.10/dist-packages/lslidar_msgs/msg/__init__.py
-- Up-to-date: /home/yys/cleaning_robot_ws/install/lslidar_msgs/local/lib/python3.10/dist-packages/lslidar_msgs/msg/_lslidar_packet_s.c
-- Up-to-date: /home/yys/cleaning_robot_ws/install/lslidar_msgs/local/lib/python3.10/dist-packages/lslidar_msgs/msg/_lslidar_point_s.c
-- Up-to-date: /home/yys/cleaning_robot_ws/install/lslidar_msgs/local/lib/python3.10/dist-packages/lslidar_msgs/msg/_lslidar_sweep_s.c
-- Up-to-date: /home/yys/cleaning_robot_ws/install/lslidar_msgs/local/lib/python3.10/dist-packages/lslidar_msgs/msg/_lslidar_point.py
-- Up-to-date: /home/yys/cleaning_robot_ws/install/lslidar_msgs/local/lib/python3.10/dist-packages/lslidar_msgs/msg/_lslidar_scan_s.c
-- Up-to-date: /home/yys/cleaning_robot_ws/install/lslidar_msgs/local/lib/python3.10/dist-packages/lslidar_msgs/msg/_lslidar_scan.py
-- Up-to-date: /home/yys/cleaning_robot_ws/install/lslidar_msgs/local/lib/python3.10/dist-packages/lslidar_msgs/msg/_lslidar_difop.py
-- Up-to-date: /home/yys/cleaning_robot_ws/install/lslidar_msgs/local/lib/python3.10/dist-packages/lslidar_msgs/msg/_lslidar_packet.py
-- Installing: /home/yys/cleaning_robot_ws/install/lslidar_msgs/local/lib/python3.10/dist-packages/lslidar_msgs/liblslidar_msgs__rosidl_generator_py.so
-- Installing: /home/yys/cleaning_robot_ws/install/lslidar_msgs/local/lib/python3.10/dist-packages/lslidar_msgs/lslidar_msgs_s__rosidl_typesupport_c.cpython-310-x86_64-linux-gnu.so
-- Up-to-date: /home/yys/cleaning_robot_ws/install/lslidar_msgs/local/lib/python3.10/dist-packages/lslidar_msgs/_lslidar_msgs_s.ep.rosidl_typesupport_introspection_c.c
-- Up-to-date: /home/yys/cleaning_robot_ws/install/lslidar_msgs/local/lib/python3.10/dist-packages/lslidar_msgs/_lslidar_msgs_s.ep.rosidl_typesupport_c.c
Listing '/home/yys/cleaning_robot_ws/install/lslidar_msgs/local/lib/python3.10/dist-packages/lslidar_msgs'...
Listing '/home/yys/cleaning_robot_ws/install/lslidar_msgs/local/lib/python3.10/dist-packages/lslidar_msgs/msg'...
-- Installing: /home/yys/cleaning_robot_ws/install/lslidar_msgs/local/lib/python3.10/dist-packages/lslidar_msgs/lslidar_msgs_s__rosidl_typesupport_fastrtps_c.cpython-310-x86_64-linux-gnu.so
-- Set runtime path of "/home/yys/cleaning_robot_ws/install/lslidar_msgs/local/lib/python3.10/dist-packages/lslidar_msgs/lslidar_msgs_s__rosidl_typesupport_fastrtps_c.cpython-310-x86_64-linux-gnu.so" to ""
-- Installing: /home/yys/cleaning_robot_ws/install/lslidar_msgs/local/lib/python3.10/dist-packages/lslidar_msgs/lslidar_msgs_s__rosidl_typesupport_introspection_c.cpython-310-x86_64-linux-gnu.so
-- Set runtime path of "/home/yys/cleaning_robot_ws/install/lslidar_msgs/local/lib/python3.10/dist-packages/lslidar_msgs/lslidar_msgs_s__rosidl_typesupport_introspection_c.cpython-310-x86_64-linux-gnu.so" to ""
-- Installing: /home/yys/cleaning_robot_ws/install/lslidar_msgs/local/lib/python3.10/dist-packages/lslidar_msgs/lslidar_msgs_s__rosidl_typesupport_c.cpython-310-x86_64-linux-gnu.so
-- Set runtime path of "/home/yys/cleaning_robot_ws/install/lslidar_msgs/local/lib/python3.10/dist-packages/lslidar_msgs/lslidar_msgs_s__rosidl_typesupport_c.cpython-310-x86_64-linux-gnu.so" to ""
-- Installing: /home/yys/cleaning_robot_ws/install/lslidar_msgs/lib/liblslidar_msgs__rosidl_generator_py.so
-- Set runtime path of "/home/yys/cleaning_robot_ws/install/lslidar_msgs/lib/liblslidar_msgs__rosidl_generator_py.so" to ""
-- Up-to-date: /home/yys/cleaning_robot_ws/install/lslidar_msgs/share/lslidar_msgs/msg/LslidarDifop.idl
-- Up-to-date: /home/yys/cleaning_robot_ws/install/lslidar_msgs/share/lslidar_msgs/msg/LslidarPacket.idl
-- Up-to-date: /home/yys/cleaning_robot_ws/install/lslidar_msgs/share/lslidar_msgs/msg/LslidarPoint.idl
-- Up-to-date: /home/yys/cleaning_robot_ws/install/lslidar_msgs/share/lslidar_msgs/msg/LslidarScan.idl
-- Up-to-date: /home/yys/cleaning_robot_ws/install/lslidar_msgs/share/lslidar_msgs/msg/LslidarSweep.idl
-- Up-to-date: /home/yys/cleaning_robot_ws/install/lslidar_msgs/share/lslidar_msgs/msg/LslidarDifop.msg
-- Up-to-date: /home/yys/cleaning_robot_ws/install/lslidar_msgs/share/lslidar_msgs/msg/LslidarPacket.msg
-- Up-to-date: /home/yys/cleaning_robot_ws/install/lslidar_msgs/share/lslidar_msgs/msg/LslidarPoint.msg
-- Up-to-date: /home/yys/cleaning_robot_ws/install/lslidar_msgs/share/lslidar_msgs/msg/LslidarScan.msg
-- Up-to-date: /home/yys/cleaning_robot_ws/install/lslidar_msgs/share/lslidar_msgs/msg/LslidarSweep.msg
-- Up-to-date: /home/yys/cleaning_robot_ws/install/lslidar_msgs/share/ament_index/resource_index/package_run_dependencies/lslidar_msgs
-- Up-to-date: /home/yys/cleaning_robot_ws/install/lslidar_msgs/share/ament_index/resource_index/parent_prefix_path/lslidar_msgs
-- Up-to-date: /home/yys/cleaning_robot_ws/install/lslidar_msgs/share/lslidar_msgs/environment/ament_prefix_path.sh
-- Up-to-date: /home/yys/cleaning_robot_ws/install/lslidar_msgs/share/lslidar_msgs/environment/ament_prefix_path.dsv
-- Up-to-date: /home/yys/cleaning_robot_ws/install/lslidar_msgs/share/lslidar_msgs/environment/path.sh
-- Up-to-date: /home/yys/cleaning_robot_ws/install/lslidar_msgs/share/lslidar_msgs/environment/path.dsv
-- Up-to-date: /home/yys/cleaning_robot_ws/install/lslidar_msgs/share/lslidar_msgs/local_setup.bash
-- Up-to-date: /home/yys/cleaning_robot_ws/install/lslidar_msgs/share/lslidar_msgs/local_setup.sh
-- Up-to-date: /home/yys/cleaning_robot_ws/install/lslidar_msgs/share/lslidar_msgs/local_setup.zsh
-- Up-to-date: /home/yys/cleaning_robot_ws/install/lslidar_msgs/share/lslidar_msgs/local_setup.dsv
-- Installing: /home/yys/cleaning_robot_ws/install/lslidar_msgs/share/lslidar_msgs/package.dsv
-- Up-to-date: /home/yys/cleaning_robot_ws/install/lslidar_msgs/share/ament_index/resource_index/packages/lslidar_msgs
-- Up-to-date: /home/yys/cleaning_robot_ws/install/lslidar_msgs/share/lslidar_msgs/cmake/export_lslidar_msgs__rosidl_generator_cExport.cmake
-- Up-to-date: /home/yys/cleaning_robot_ws/install/lslidar_msgs/share/lslidar_msgs/cmake/export_lslidar_msgs__rosidl_generator_cExport-noconfig.cmake
-- Up-to-date: /home/yys/cleaning_robot_ws/install/lslidar_msgs/share/lslidar_msgs/cmake/export_lslidar_msgs__rosidl_typesupport_fastrtps_cExport.cmake
-- Up-to-date: /home/yys/cleaning_robot_ws/install/lslidar_msgs/share/lslidar_msgs/cmake/export_lslidar_msgs__rosidl_typesupport_fastrtps_cExport-noconfig.cmake
-- Up-to-date: /home/yys/cleaning_robot_ws/install/lslidar_msgs/share/lslidar_msgs/cmake/export_lslidar_msgs__rosidl_generator_cppExport.cmake
-- Up-to-date: /home/yys/cleaning_robot_ws/install/lslidar_msgs/share/lslidar_msgs/cmake/export_lslidar_msgs__rosidl_typesupport_fastrtps_cppExport.cmake
-- Up-to-date: /home/yys/cleaning_robot_ws/install/lslidar_msgs/share/lslidar_msgs/cmake/export_lslidar_msgs__rosidl_typesupport_fastrtps_cppExport-noconfig.cmake
-- Up-to-date: /home/yys/cleaning_robot_ws/install/lslidar_msgs/share/lslidar_msgs/cmake/lslidar_msgs__rosidl_typesupport_introspection_cExport.cmake
-- Up-to-date: /home/yys/cleaning_robot_ws/install/lslidar_msgs/share/lslidar_msgs/cmake/lslidar_msgs__rosidl_typesupport_introspection_cExport-noconfig.cmake
-- Up-to-date: /home/yys/cleaning_robot_ws/install/lslidar_msgs/share/lslidar_msgs/cmake/lslidar_msgs__rosidl_typesupport_cExport.cmake
-- Up-to-date: /home/yys/cleaning_robot_ws/install/lslidar_msgs/share/lslidar_msgs/cmake/lslidar_msgs__rosidl_typesupport_cExport-noconfig.cmake
-- Up-to-date: /home/yys/cleaning_robot_ws/install/lslidar_msgs/share/lslidar_msgs/cmake/lslidar_msgs__rosidl_typesupport_introspection_cppExport.cmake
-- Up-to-date: /home/yys/cleaning_robot_ws/install/lslidar_msgs/share/lslidar_msgs/cmake/lslidar_msgs__rosidl_typesupport_introspection_cppExport-noconfig.cmake
-- Up-to-date: /home/yys/cleaning_robot_ws/install/lslidar_msgs/share/lslidar_msgs/cmake/lslidar_msgs__rosidl_typesupport_cppExport.cmake
-- Up-to-date: /home/yys/cleaning_robot_ws/install/lslidar_msgs/share/lslidar_msgs/cmake/lslidar_msgs__rosidl_typesupport_cppExport-noconfig.cmake
-- Up-to-date: /home/yys/cleaning_robot_ws/install/lslidar_msgs/share/lslidar_msgs/cmake/export_lslidar_msgs__rosidl_generator_pyExport.cmake
-- Up-to-date: /home/yys/cleaning_robot_ws/install/lslidar_msgs/share/lslidar_msgs/cmake/export_lslidar_msgs__rosidl_generator_pyExport-noconfig.cmake
-- Up-to-date: /home/yys/cleaning_robot_ws/install/lslidar_msgs/share/lslidar_msgs/cmake/rosidl_cmake-extras.cmake
-- Up-to-date: /home/yys/cleaning_robot_ws/install/lslidar_msgs/share/lslidar_msgs/cmake/ament_cmake_export_dependencies-extras.cmake
-- Up-to-date: /home/yys/cleaning_robot_ws/install/lslidar_msgs/share/lslidar_msgs/cmake/ament_cmake_export_include_directories-extras.cmake
-- Up-to-date: /home/yys/cleaning_robot_ws/install/lslidar_msgs/share/lslidar_msgs/cmake/ament_cmake_export_libraries-extras.cmake
-- Up-to-date: /home/yys/cleaning_robot_ws/install/lslidar_msgs/share/lslidar_msgs/cmake/ament_cmake_export_targets-extras.cmake
-- Up-to-date: /home/yys/cleaning_robot_ws/install/lslidar_msgs/share/lslidar_msgs/cmake/rosidl_cmake_export_typesupport_targets-extras.cmake
-- Up-to-date: /home/yys/cleaning_robot_ws/install/lslidar_msgs/share/lslidar_msgs/cmake/rosidl_cmake_export_typesupport_libraries-extras.cmake
-- Up-to-date: /home/yys/cleaning_robot_ws/install/lslidar_msgs/share/lslidar_msgs/cmake/lslidar_msgsConfig.cmake
-- Up-to-date: /home/yys/cleaning_robot_ws/install/lslidar_msgs/share/lslidar_msgs/cmake/lslidar_msgsConfig-version.cmake
-- Up-to-date: /home/yys/cleaning_robot_ws/install/lslidar_msgs/share/lslidar_msgs/package.xml
