[0.033s] Invoking command in '/home/yys/cleaning_robot_ws/build/lslidar_msgs': /usr/bin/cmake --build /home/yys/cleaning_robot_ws/build/lslidar_msgs -- -j16 -l16
[1.471s] [35m[1mConsolidate compiler generated dependencies of target lslidar_msgs__rosidl_generator_c[0m
[1.471s] [  1%] Built target lslidar_msgs__cpp
[1.471s] [  3%] [32mBuilding C object CMakeFiles/lslidar_msgs__rosidl_generator_c.dir/rosidl_generator_c/lslidar_msgs/msg/detail/lslidar_difop__functions.c.o[0m
[1.471s] [  4%] [32mBuilding C object CMakeFiles/lslidar_msgs__rosidl_generator_c.dir/rosidl_generator_c/lslidar_msgs/msg/detail/lslidar_packet__functions.c.o[0m
[1.471s] [  6%] [32mBuilding C object CMakeFiles/lslidar_msgs__rosidl_generator_c.dir/rosidl_generator_c/lslidar_msgs/msg/detail/lslidar_scan__functions.c.o[0m
[1.471s] [  7%] [32mBuilding C object CMakeFiles/lslidar_msgs__rosidl_generator_c.dir/rosidl_generator_c/lslidar_msgs/msg/detail/lslidar_point__functions.c.o[0m
[1.471s] [  9%] [32mBuilding C object CMakeFiles/lslidar_msgs__rosidl_generator_c.dir/rosidl_generator_c/lslidar_msgs/msg/detail/lslidar_sweep__functions.c.o[0m
[1.471s] [35m[1mConsolidate compiler generated dependencies of target lslidar_msgs__rosidl_typesupport_cpp[0m
[1.471s] [35m[1mConsolidate compiler generated dependencies of target lslidar_msgs__rosidl_typesupport_introspection_cpp[0m
[1.471s] [35m[1mConsolidate compiler generated dependencies of target lslidar_msgs__rosidl_typesupport_fastrtps_cpp[0m
[1.471s] [  9%] Built target ament_cmake_python_copy_lslidar_msgs
[1.472s] [ 11%] [32mBuilding CXX object CMakeFiles/lslidar_msgs__rosidl_typesupport_cpp.dir/rosidl_typesupport_cpp/lslidar_msgs/msg/lslidar_difop__type_support.cpp.o[0m
[1.472s] [ 12%] [32mBuilding CXX object CMakeFiles/lslidar_msgs__rosidl_typesupport_cpp.dir/rosidl_typesupport_cpp/lslidar_msgs/msg/lslidar_packet__type_support.cpp.o[0m
[1.472s] [ 14%] [32mBuilding CXX object CMakeFiles/lslidar_msgs__rosidl_typesupport_introspection_cpp.dir/rosidl_typesupport_introspection_cpp/lslidar_msgs/msg/detail/lslidar_difop__type_support.cpp.o[0m
[1.472s] [ 15%] [32mBuilding CXX object CMakeFiles/lslidar_msgs__rosidl_typesupport_cpp.dir/rosidl_typesupport_cpp/lslidar_msgs/msg/lslidar_scan__type_support.cpp.o[0m
[1.472s] [ 19%] [32mBuilding CXX object CMakeFiles/lslidar_msgs__rosidl_typesupport_introspection_cpp.dir/rosidl_typesupport_introspection_cpp/lslidar_msgs/msg/detail/lslidar_packet__type_support.cpp.o[0m
[1.472s] [ 19%] [32mBuilding CXX object CMakeFiles/lslidar_msgs__rosidl_typesupport_fastrtps_cpp.dir/rosidl_typesupport_fastrtps_cpp/lslidar_msgs/msg/detail/dds_fastrtps/lslidar_difop__type_support.cpp.o[0m
[1.472s] [ 20%] [32mBuilding CXX object CMakeFiles/lslidar_msgs__rosidl_typesupport_introspection_cpp.dir/rosidl_typesupport_introspection_cpp/lslidar_msgs/msg/detail/lslidar_point__type_support.cpp.o[0m
[1.472s] [ 22%] [32mBuilding CXX object CMakeFiles/lslidar_msgs__rosidl_typesupport_fastrtps_cpp.dir/rosidl_typesupport_fastrtps_cpp/lslidar_msgs/msg/detail/dds_fastrtps/lslidar_packet__type_support.cpp.o[0m
[1.472s] [ 25%] [32mBuilding CXX object CMakeFiles/lslidar_msgs__rosidl_typesupport_cpp.dir/rosidl_typesupport_cpp/lslidar_msgs/msg/lslidar_point__type_support.cpp.o[0m
[1.472s] [ 25%] [32mBuilding CXX object CMakeFiles/lslidar_msgs__rosidl_typesupport_fastrtps_cpp.dir/rosidl_typesupport_fastrtps_cpp/lslidar_msgs/msg/detail/dds_fastrtps/lslidar_point__type_support.cpp.o[0m
[1.474s] [ 26%] [32mBuilding CXX object CMakeFiles/lslidar_msgs__rosidl_typesupport_fastrtps_cpp.dir/rosidl_typesupport_fastrtps_cpp/lslidar_msgs/msg/detail/dds_fastrtps/lslidar_sweep__type_support.cpp.o[0m
[1.475s] [ 28%] [32mBuilding CXX object CMakeFiles/lslidar_msgs__rosidl_typesupport_cpp.dir/rosidl_typesupport_cpp/lslidar_msgs/msg/lslidar_sweep__type_support.cpp.o[0m
[1.475s] [ 30%] [32mBuilding CXX object CMakeFiles/lslidar_msgs__rosidl_typesupport_fastrtps_cpp.dir/rosidl_typesupport_fastrtps_cpp/lslidar_msgs/msg/detail/dds_fastrtps/lslidar_scan__type_support.cpp.o[0m
[1.475s] [ 31%] [32mBuilding CXX object CMakeFiles/lslidar_msgs__rosidl_typesupport_introspection_cpp.dir/rosidl_typesupport_introspection_cpp/lslidar_msgs/msg/detail/lslidar_scan__type_support.cpp.o[0m
[1.476s] [ 33%] [32m[1mLinking C shared library liblslidar_msgs__rosidl_generator_c.so[0m
[1.476s] running egg_info
[1.476s] writing lslidar_msgs.egg-info/PKG-INFO
[1.476s] writing dependency_links to lslidar_msgs.egg-info/dependency_links.txt
[1.477s] writing top-level names to lslidar_msgs.egg-info/top_level.txt
[1.477s] reading manifest file 'lslidar_msgs.egg-info/SOURCES.txt'
[1.477s] writing manifest file 'lslidar_msgs.egg-info/SOURCES.txt'
[1.477s] [ 33%] Built target ament_cmake_python_build_lslidar_msgs_egg
[1.477s] [ 34%] [32mBuilding CXX object CMakeFiles/lslidar_msgs__rosidl_typesupport_introspection_cpp.dir/rosidl_typesupport_introspection_cpp/lslidar_msgs/msg/detail/lslidar_sweep__type_support.cpp.o[0m
[1.477s] [ 36%] Built target lslidar_msgs__rosidl_generator_c
[1.477s] [35m[1mConsolidate compiler generated dependencies of target lslidar_msgs__rosidl_typesupport_fastrtps_c[0m
[1.477s] [ 38%] [32mBuilding CXX object CMakeFiles/lslidar_msgs__rosidl_typesupport_fastrtps_c.dir/rosidl_typesupport_fastrtps_c/lslidar_msgs/msg/detail/lslidar_difop__type_support_c.cpp.o[0m
[1.477s] [35m[1mConsolidate compiler generated dependencies of target lslidar_msgs__rosidl_typesupport_c[0m
[1.477s] [35m[1mConsolidate compiler generated dependencies of target lslidar_msgs__rosidl_typesupport_introspection_c[0m
[1.477s] [ 39%] [32mBuilding CXX object CMakeFiles/lslidar_msgs__rosidl_typesupport_c.dir/rosidl_typesupport_c/lslidar_msgs/msg/lslidar_difop__type_support.cpp.o[0m
[1.478s] [ 41%] [32mBuilding C object CMakeFiles/lslidar_msgs__rosidl_typesupport_introspection_c.dir/rosidl_typesupport_introspection_c/lslidar_msgs/msg/detail/lslidar_difop__type_support.c.o[0m
[1.478s] [ 42%] [32mBuilding CXX object CMakeFiles/lslidar_msgs__rosidl_typesupport_fastrtps_c.dir/rosidl_typesupport_fastrtps_c/lslidar_msgs/msg/detail/lslidar_packet__type_support_c.cpp.o[0m
[1.482s] [ 44%] [32mBuilding C object CMakeFiles/lslidar_msgs__rosidl_typesupport_introspection_c.dir/rosidl_typesupport_introspection_c/lslidar_msgs/msg/detail/lslidar_packet__type_support.c.o[0m
[1.483s] [ 46%] [32m[1mLinking CXX shared library liblslidar_msgs__rosidl_typesupport_cpp.so[0m
[1.484s] [ 47%] [32mBuilding CXX object CMakeFiles/lslidar_msgs__rosidl_typesupport_c.dir/rosidl_typesupport_c/lslidar_msgs/msg/lslidar_packet__type_support.cpp.o[0m
[1.485s] [ 49%] [32mBuilding C object CMakeFiles/lslidar_msgs__rosidl_typesupport_introspection_c.dir/rosidl_typesupport_introspection_c/lslidar_msgs/msg/detail/lslidar_point__type_support.c.o[0m
[1.485s] [ 50%] [32mBuilding C object CMakeFiles/lslidar_msgs__rosidl_typesupport_introspection_c.dir/rosidl_typesupport_introspection_c/lslidar_msgs/msg/detail/lslidar_scan__type_support.c.o[0m
[1.485s] [ 52%] [32mBuilding CXX object CMakeFiles/lslidar_msgs__rosidl_typesupport_c.dir/rosidl_typesupport_c/lslidar_msgs/msg/lslidar_point__type_support.cpp.o[0m
[1.486s] [ 53%] [32mBuilding C object CMakeFiles/lslidar_msgs__rosidl_typesupport_introspection_c.dir/rosidl_typesupport_introspection_c/lslidar_msgs/msg/detail/lslidar_sweep__type_support.c.o[0m
[1.486s] [ 55%] [32mBuilding CXX object CMakeFiles/lslidar_msgs__rosidl_typesupport_c.dir/rosidl_typesupport_c/lslidar_msgs/msg/lslidar_scan__type_support.cpp.o[0m
[1.486s] [ 57%] [32mBuilding CXX object CMakeFiles/lslidar_msgs__rosidl_typesupport_fastrtps_c.dir/rosidl_typesupport_fastrtps_c/lslidar_msgs/msg/detail/lslidar_point__type_support_c.cpp.o[0m
[1.486s] [ 58%] [32mBuilding CXX object CMakeFiles/lslidar_msgs__rosidl_typesupport_fastrtps_c.dir/rosidl_typesupport_fastrtps_c/lslidar_msgs/msg/detail/lslidar_scan__type_support_c.cpp.o[0m
[1.486s] [ 60%] [32mBuilding CXX object CMakeFiles/lslidar_msgs__rosidl_typesupport_fastrtps_c.dir/rosidl_typesupport_fastrtps_c/lslidar_msgs/msg/detail/lslidar_sweep__type_support_c.cpp.o[0m
[1.487s] [ 61%] [32mBuilding CXX object CMakeFiles/lslidar_msgs__rosidl_typesupport_c.dir/rosidl_typesupport_c/lslidar_msgs/msg/lslidar_sweep__type_support.cpp.o[0m
[1.487s] [ 63%] [32m[1mLinking C shared library liblslidar_msgs__rosidl_typesupport_introspection_c.so[0m
[1.487s] [ 65%] [32m[1mLinking CXX shared library liblslidar_msgs__rosidl_typesupport_c.so[0m
[1.487s] [ 66%] Built target lslidar_msgs__rosidl_typesupport_cpp
[1.487s] [ 68%] [32m[1mLinking CXX shared library liblslidar_msgs__rosidl_typesupport_fastrtps_cpp.so[0m
[1.487s] [ 69%] Built target lslidar_msgs__rosidl_typesupport_introspection_c
[1.487s] [ 71%] Built target lslidar_msgs__rosidl_typesupport_c
[1.540s] [ 73%] [32m[1mLinking CXX shared library liblslidar_msgs__rosidl_typesupport_introspection_cpp.so[0m
[1.630s] [ 74%] Built target lslidar_msgs__rosidl_typesupport_fastrtps_cpp
[1.736s] [ 76%] [32m[1mLinking CXX shared library liblslidar_msgs__rosidl_typesupport_fastrtps_c.so[0m
[1.808s] [ 77%] Built target lslidar_msgs__rosidl_typesupport_introspection_cpp
[1.968s] [ 79%] Built target lslidar_msgs__rosidl_typesupport_fastrtps_c
[1.989s] [ 79%] Built target lslidar_msgs
[2.007s] [ 80%] Built target lslidar_msgs__py
[2.022s] [35m[1mConsolidate compiler generated dependencies of target lslidar_msgs__rosidl_generator_py[0m
[2.040s] [ 82%] [32mBuilding C object CMakeFiles/lslidar_msgs__rosidl_generator_py.dir/rosidl_generator_py/lslidar_msgs/msg/_lslidar_difop_s.c.o[0m
[2.040s] [ 84%] [32mBuilding C object CMakeFiles/lslidar_msgs__rosidl_generator_py.dir/rosidl_generator_py/lslidar_msgs/msg/_lslidar_point_s.c.o[0m
[2.042s] [ 85%] [32mBuilding C object CMakeFiles/lslidar_msgs__rosidl_generator_py.dir/rosidl_generator_py/lslidar_msgs/msg/_lslidar_sweep_s.c.o[0m
[2.042s] [ 87%] [32mBuilding C object CMakeFiles/lslidar_msgs__rosidl_generator_py.dir/rosidl_generator_py/lslidar_msgs/msg/_lslidar_packet_s.c.o[0m
[2.043s] [ 88%] [32mBuilding C object CMakeFiles/lslidar_msgs__rosidl_generator_py.dir/rosidl_generator_py/lslidar_msgs/msg/_lslidar_scan_s.c.o[0m
[2.250s] [ 90%] [32m[1mLinking C shared library rosidl_generator_py/lslidar_msgs/liblslidar_msgs__rosidl_generator_py.so[0m
[2.411s] [ 90%] Built target lslidar_msgs__rosidl_generator_py
[2.424s] [35m[1mConsolidate compiler generated dependencies of target lslidar_msgs__rosidl_typesupport_fastrtps_c__pyext[0m
[2.424s] [35m[1mConsolidate compiler generated dependencies of target lslidar_msgs__rosidl_typesupport_introspection_c__pyext[0m
[2.425s] [35m[1mConsolidate compiler generated dependencies of target lslidar_msgs__rosidl_typesupport_c__pyext[0m
[2.432s] [ 92%] [32mBuilding C object CMakeFiles/lslidar_msgs__rosidl_typesupport_fastrtps_c__pyext.dir/rosidl_generator_py/lslidar_msgs/_lslidar_msgs_s.ep.rosidl_typesupport_fastrtps_c.c.o[0m
[2.434s] [ 93%] [32mBuilding C object CMakeFiles/lslidar_msgs__rosidl_typesupport_introspection_c__pyext.dir/rosidl_generator_py/lslidar_msgs/_lslidar_msgs_s.ep.rosidl_typesupport_introspection_c.c.o[0m
[2.438s] [ 95%] [32mBuilding C object CMakeFiles/lslidar_msgs__rosidl_typesupport_c__pyext.dir/rosidl_generator_py/lslidar_msgs/_lslidar_msgs_s.ep.rosidl_typesupport_c.c.o[0m
[2.530s] [ 96%] [32m[1mLinking C shared library rosidl_generator_py/lslidar_msgs/lslidar_msgs_s__rosidl_typesupport_introspection_c.cpython-310-x86_64-linux-gnu.so[0m
[2.542s] [100%] [32m[1mLinking C shared library rosidl_generator_py/lslidar_msgs/lslidar_msgs_s__rosidl_typesupport_fastrtps_c.cpython-310-x86_64-linux-gnu.so[0m
[2.542s] [100%] [32m[1mLinking C shared library rosidl_generator_py/lslidar_msgs/lslidar_msgs_s__rosidl_typesupport_c.cpython-310-x86_64-linux-gnu.so[0m
[2.638s] [100%] Built target lslidar_msgs__rosidl_typesupport_introspection_c__pyext
[2.640s] [100%] Built target lslidar_msgs__rosidl_typesupport_fastrtps_c__pyext
[2.644s] [100%] Built target lslidar_msgs__rosidl_typesupport_c__pyext
[2.659s] Invoked command in '/home/yys/cleaning_robot_ws/build/lslidar_msgs' returned '0': /usr/bin/cmake --build /home/yys/cleaning_robot_ws/build/lslidar_msgs -- -j16 -l16
[2.663s] Invoking command in '/home/yys/cleaning_robot_ws/build/lslidar_msgs': /usr/bin/cmake --install /home/yys/cleaning_robot_ws/build/lslidar_msgs
[2.673s] -- Install configuration: ""
[2.674s] -- Up-to-date: /home/yys/cleaning_robot_ws/install/lslidar_msgs/share/ament_index/resource_index/rosidl_interfaces/lslidar_msgs
[2.674s] -- Up-to-date: /home/yys/cleaning_robot_ws/install/lslidar_msgs/include/lslidar_msgs/lslidar_msgs
[2.675s] -- Up-to-date: /home/yys/cleaning_robot_ws/install/lslidar_msgs/include/lslidar_msgs/lslidar_msgs/msg
[2.675s] -- Up-to-date: /home/yys/cleaning_robot_ws/install/lslidar_msgs/include/lslidar_msgs/lslidar_msgs/msg/lslidar_sweep.h
[2.675s] -- Up-to-date: /home/yys/cleaning_robot_ws/install/lslidar_msgs/include/lslidar_msgs/lslidar_msgs/msg/detail
[2.675s] -- Up-to-date: /home/yys/cleaning_robot_ws/install/lslidar_msgs/include/lslidar_msgs/lslidar_msgs/msg/detail/lslidar_scan__struct.h
[2.675s] -- Up-to-date: /home/yys/cleaning_robot_ws/install/lslidar_msgs/include/lslidar_msgs/lslidar_msgs/msg/detail/lslidar_scan__type_support.h
[2.675s] -- Up-to-date: /home/yys/cleaning_robot_ws/install/lslidar_msgs/include/lslidar_msgs/lslidar_msgs/msg/detail/lslidar_sweep__functions.h
[2.675s] -- Up-to-date: /home/yys/cleaning_robot_ws/install/lslidar_msgs/include/lslidar_msgs/lslidar_msgs/msg/detail/lslidar_packet__type_support.h
[2.675s] -- Up-to-date: /home/yys/cleaning_robot_ws/install/lslidar_msgs/include/lslidar_msgs/lslidar_msgs/msg/detail/lslidar_difop__functions.h
[2.675s] -- Up-to-date: /home/yys/cleaning_robot_ws/install/lslidar_msgs/include/lslidar_msgs/lslidar_msgs/msg/detail/lslidar_difop__type_support.h
[2.675s] -- Up-to-date: /home/yys/cleaning_robot_ws/install/lslidar_msgs/include/lslidar_msgs/lslidar_msgs/msg/detail/lslidar_scan__functions.h
[2.675s] -- Up-to-date: /home/yys/cleaning_robot_ws/install/lslidar_msgs/include/lslidar_msgs/lslidar_msgs/msg/detail/lslidar_difop__struct.h
[2.675s] -- Up-to-date: /home/yys/cleaning_robot_ws/install/lslidar_msgs/include/lslidar_msgs/lslidar_msgs/msg/detail/lslidar_packet__struct.h
[2.676s] -- Up-to-date: /home/yys/cleaning_robot_ws/install/lslidar_msgs/include/lslidar_msgs/lslidar_msgs/msg/detail/lslidar_point__functions.c
[2.676s] -- Up-to-date: /home/yys/cleaning_robot_ws/install/lslidar_msgs/include/lslidar_msgs/lslidar_msgs/msg/detail/lslidar_packet__functions.c
[2.676s] -- Up-to-date: /home/yys/cleaning_robot_ws/install/lslidar_msgs/include/lslidar_msgs/lslidar_msgs/msg/detail/lslidar_sweep__type_support.h
[2.676s] -- Up-to-date: /home/yys/cleaning_robot_ws/install/lslidar_msgs/include/lslidar_msgs/lslidar_msgs/msg/detail/lslidar_sweep__struct.h
[2.676s] -- Up-to-date: /home/yys/cleaning_robot_ws/install/lslidar_msgs/include/lslidar_msgs/lslidar_msgs/msg/detail/lslidar_packet__functions.h
[2.676s] -- Up-to-date: /home/yys/cleaning_robot_ws/install/lslidar_msgs/include/lslidar_msgs/lslidar_msgs/msg/detail/lslidar_scan__functions.c
[2.676s] -- Up-to-date: /home/yys/cleaning_robot_ws/install/lslidar_msgs/include/lslidar_msgs/lslidar_msgs/msg/detail/lslidar_sweep__functions.c
[2.676s] -- Up-to-date: /home/yys/cleaning_robot_ws/install/lslidar_msgs/include/lslidar_msgs/lslidar_msgs/msg/detail/lslidar_point__functions.h
[2.676s] -- Up-to-date: /home/yys/cleaning_robot_ws/install/lslidar_msgs/include/lslidar_msgs/lslidar_msgs/msg/detail/lslidar_difop__functions.c
[2.676s] -- Up-to-date: /home/yys/cleaning_robot_ws/install/lslidar_msgs/include/lslidar_msgs/lslidar_msgs/msg/detail/lslidar_point__type_support.h
[2.676s] -- Up-to-date: /home/yys/cleaning_robot_ws/install/lslidar_msgs/include/lslidar_msgs/lslidar_msgs/msg/detail/lslidar_point__struct.h
[2.676s] -- Up-to-date: /home/yys/cleaning_robot_ws/install/lslidar_msgs/include/lslidar_msgs/lslidar_msgs/msg/lslidar_packet.h
[2.676s] -- Up-to-date: /home/yys/cleaning_robot_ws/install/lslidar_msgs/include/lslidar_msgs/lslidar_msgs/msg/lslidar_point.h
[2.676s] -- Up-to-date: /home/yys/cleaning_robot_ws/install/lslidar_msgs/include/lslidar_msgs/lslidar_msgs/msg/lslidar_difop.h
[2.677s] -- Up-to-date: /home/yys/cleaning_robot_ws/install/lslidar_msgs/include/lslidar_msgs/lslidar_msgs/msg/rosidl_generator_c__visibility_control.h
[2.677s] -- Up-to-date: /home/yys/cleaning_robot_ws/install/lslidar_msgs/include/lslidar_msgs/lslidar_msgs/msg/lslidar_scan.h
[2.677s] -- Up-to-date: /home/yys/cleaning_robot_ws/install/lslidar_msgs/share/lslidar_msgs/environment/library_path.sh
[2.677s] -- Up-to-date: /home/yys/cleaning_robot_ws/install/lslidar_msgs/share/lslidar_msgs/environment/library_path.dsv
[2.678s] -- Installing: /home/yys/cleaning_robot_ws/install/lslidar_msgs/lib/liblslidar_msgs__rosidl_generator_c.so
[2.678s] -- Set runtime path of "/home/yys/cleaning_robot_ws/install/lslidar_msgs/lib/liblslidar_msgs__rosidl_generator_c.so" to ""
[2.678s] -- Up-to-date: /home/yys/cleaning_robot_ws/install/lslidar_msgs/include/lslidar_msgs/lslidar_msgs
[2.678s] -- Up-to-date: /home/yys/cleaning_robot_ws/install/lslidar_msgs/include/lslidar_msgs/lslidar_msgs/msg
[2.678s] -- Up-to-date: /home/yys/cleaning_robot_ws/install/lslidar_msgs/include/lslidar_msgs/lslidar_msgs/msg/detail
[2.678s] -- Up-to-date: /home/yys/cleaning_robot_ws/install/lslidar_msgs/include/lslidar_msgs/lslidar_msgs/msg/detail/lslidar_packet__rosidl_typesupport_fastrtps_c.h
[2.678s] -- Up-to-date: /home/yys/cleaning_robot_ws/install/lslidar_msgs/include/lslidar_msgs/lslidar_msgs/msg/detail/lslidar_point__rosidl_typesupport_fastrtps_c.h
[2.678s] -- Up-to-date: /home/yys/cleaning_robot_ws/install/lslidar_msgs/include/lslidar_msgs/lslidar_msgs/msg/detail/lslidar_sweep__rosidl_typesupport_fastrtps_c.h
[2.679s] -- Up-to-date: /home/yys/cleaning_robot_ws/install/lslidar_msgs/include/lslidar_msgs/lslidar_msgs/msg/detail/lslidar_difop__rosidl_typesupport_fastrtps_c.h
[2.679s] -- Up-to-date: /home/yys/cleaning_robot_ws/install/lslidar_msgs/include/lslidar_msgs/lslidar_msgs/msg/detail/lslidar_scan__rosidl_typesupport_fastrtps_c.h
[2.680s] -- Up-to-date: /home/yys/cleaning_robot_ws/install/lslidar_msgs/include/lslidar_msgs/lslidar_msgs/msg/rosidl_typesupport_fastrtps_c__visibility_control.h
[2.680s] -- Installing: /home/yys/cleaning_robot_ws/install/lslidar_msgs/lib/liblslidar_msgs__rosidl_typesupport_fastrtps_c.so
[2.680s] -- Set runtime path of "/home/yys/cleaning_robot_ws/install/lslidar_msgs/lib/liblslidar_msgs__rosidl_typesupport_fastrtps_c.so" to ""
[2.680s] -- Up-to-date: /home/yys/cleaning_robot_ws/install/lslidar_msgs/include/lslidar_msgs/lslidar_msgs
[2.680s] -- Up-to-date: /home/yys/cleaning_robot_ws/install/lslidar_msgs/include/lslidar_msgs/lslidar_msgs/msg
[2.680s] -- Up-to-date: /home/yys/cleaning_robot_ws/install/lslidar_msgs/include/lslidar_msgs/lslidar_msgs/msg/lslidar_sweep.hpp
[2.680s] -- Up-to-date: /home/yys/cleaning_robot_ws/install/lslidar_msgs/include/lslidar_msgs/lslidar_msgs/msg/detail
[2.680s] -- Up-to-date: /home/yys/cleaning_robot_ws/install/lslidar_msgs/include/lslidar_msgs/lslidar_msgs/msg/detail/lslidar_packet__traits.hpp
[2.680s] -- Up-to-date: /home/yys/cleaning_robot_ws/install/lslidar_msgs/include/lslidar_msgs/lslidar_msgs/msg/detail/lslidar_packet__struct.hpp
[2.680s] -- Up-to-date: /home/yys/cleaning_robot_ws/install/lslidar_msgs/include/lslidar_msgs/lslidar_msgs/msg/detail/lslidar_packet__builder.hpp
[2.680s] -- Up-to-date: /home/yys/cleaning_robot_ws/install/lslidar_msgs/include/lslidar_msgs/lslidar_msgs/msg/detail/lslidar_sweep__builder.hpp
[2.680s] -- Up-to-date: /home/yys/cleaning_robot_ws/install/lslidar_msgs/include/lslidar_msgs/lslidar_msgs/msg/detail/lslidar_scan__struct.hpp
[2.680s] -- Up-to-date: /home/yys/cleaning_robot_ws/install/lslidar_msgs/include/lslidar_msgs/lslidar_msgs/msg/detail/lslidar_sweep__struct.hpp
[2.680s] -- Up-to-date: /home/yys/cleaning_robot_ws/install/lslidar_msgs/include/lslidar_msgs/lslidar_msgs/msg/detail/lslidar_difop__traits.hpp
[2.680s] -- Up-to-date: /home/yys/cleaning_robot_ws/install/lslidar_msgs/include/lslidar_msgs/lslidar_msgs/msg/detail/lslidar_sweep__traits.hpp
[2.680s] -- Up-to-date: /home/yys/cleaning_robot_ws/install/lslidar_msgs/include/lslidar_msgs/lslidar_msgs/msg/detail/lslidar_point__type_support.hpp
[2.681s] -- Up-to-date: /home/yys/cleaning_robot_ws/install/lslidar_msgs/include/lslidar_msgs/lslidar_msgs/msg/detail/lslidar_difop__type_support.hpp
[2.681s] -- Up-to-date: /home/yys/cleaning_robot_ws/install/lslidar_msgs/include/lslidar_msgs/lslidar_msgs/msg/detail/lslidar_sweep__type_support.hpp
[2.681s] -- Up-to-date: /home/yys/cleaning_robot_ws/install/lslidar_msgs/include/lslidar_msgs/lslidar_msgs/msg/detail/lslidar_difop__struct.hpp
[2.682s] -- Up-to-date: /home/yys/cleaning_robot_ws/install/lslidar_msgs/include/lslidar_msgs/lslidar_msgs/msg/detail/lslidar_point__struct.hpp
[2.682s] -- Up-to-date: /home/yys/cleaning_robot_ws/install/lslidar_msgs/include/lslidar_msgs/lslidar_msgs/msg/detail/lslidar_point__traits.hpp
[2.682s] -- Up-to-date: /home/yys/cleaning_robot_ws/install/lslidar_msgs/include/lslidar_msgs/lslidar_msgs/msg/detail/lslidar_point__builder.hpp
[2.682s] -- Up-to-date: /home/yys/cleaning_robot_ws/install/lslidar_msgs/include/lslidar_msgs/lslidar_msgs/msg/detail/lslidar_scan__builder.hpp
[2.682s] -- Up-to-date: /home/yys/cleaning_robot_ws/install/lslidar_msgs/include/lslidar_msgs/lslidar_msgs/msg/detail/lslidar_scan__type_support.hpp
[2.682s] -- Up-to-date: /home/yys/cleaning_robot_ws/install/lslidar_msgs/include/lslidar_msgs/lslidar_msgs/msg/detail/lslidar_packet__type_support.hpp
[2.683s] -- Up-to-date: /home/yys/cleaning_robot_ws/install/lslidar_msgs/include/lslidar_msgs/lslidar_msgs/msg/detail/lslidar_scan__traits.hpp
[2.683s] -- Up-to-date: /home/yys/cleaning_robot_ws/install/lslidar_msgs/include/lslidar_msgs/lslidar_msgs/msg/detail/lslidar_difop__builder.hpp
[2.683s] -- Up-to-date: /home/yys/cleaning_robot_ws/install/lslidar_msgs/include/lslidar_msgs/lslidar_msgs/msg/lslidar_scan.hpp
[2.683s] -- Up-to-date: /home/yys/cleaning_robot_ws/install/lslidar_msgs/include/lslidar_msgs/lslidar_msgs/msg/lslidar_point.hpp
[2.684s] -- Up-to-date: /home/yys/cleaning_robot_ws/install/lslidar_msgs/include/lslidar_msgs/lslidar_msgs/msg/lslidar_difop.hpp
[2.684s] -- Up-to-date: /home/yys/cleaning_robot_ws/install/lslidar_msgs/include/lslidar_msgs/lslidar_msgs/msg/lslidar_packet.hpp
[2.684s] -- Up-to-date: /home/yys/cleaning_robot_ws/install/lslidar_msgs/include/lslidar_msgs/lslidar_msgs/msg/rosidl_generator_cpp__visibility_control.hpp
[2.684s] -- Up-to-date: /home/yys/cleaning_robot_ws/install/lslidar_msgs/include/lslidar_msgs/lslidar_msgs
[2.684s] -- Up-to-date: /home/yys/cleaning_robot_ws/install/lslidar_msgs/include/lslidar_msgs/lslidar_msgs/msg
[2.684s] -- Up-to-date: /home/yys/cleaning_robot_ws/install/lslidar_msgs/include/lslidar_msgs/lslidar_msgs/msg/detail
[2.684s] -- Up-to-date: /home/yys/cleaning_robot_ws/install/lslidar_msgs/include/lslidar_msgs/lslidar_msgs/msg/detail/lslidar_packet__rosidl_typesupport_fastrtps_cpp.hpp
[2.684s] -- Up-to-date: /home/yys/cleaning_robot_ws/install/lslidar_msgs/include/lslidar_msgs/lslidar_msgs/msg/detail/dds_fastrtps
[2.684s] -- Up-to-date: /home/yys/cleaning_robot_ws/install/lslidar_msgs/include/lslidar_msgs/lslidar_msgs/msg/detail/lslidar_scan__rosidl_typesupport_fastrtps_cpp.hpp
[2.684s] -- Up-to-date: /home/yys/cleaning_robot_ws/install/lslidar_msgs/include/lslidar_msgs/lslidar_msgs/msg/detail/lslidar_sweep__rosidl_typesupport_fastrtps_cpp.hpp
[2.684s] -- Up-to-date: /home/yys/cleaning_robot_ws/install/lslidar_msgs/include/lslidar_msgs/lslidar_msgs/msg/detail/lslidar_difop__rosidl_typesupport_fastrtps_cpp.hpp
[2.684s] -- Up-to-date: /home/yys/cleaning_robot_ws/install/lslidar_msgs/include/lslidar_msgs/lslidar_msgs/msg/detail/lslidar_point__rosidl_typesupport_fastrtps_cpp.hpp
[2.684s] -- Up-to-date: /home/yys/cleaning_robot_ws/install/lslidar_msgs/include/lslidar_msgs/lslidar_msgs/msg/rosidl_typesupport_fastrtps_cpp__visibility_control.h
[2.684s] -- Installing: /home/yys/cleaning_robot_ws/install/lslidar_msgs/lib/liblslidar_msgs__rosidl_typesupport_fastrtps_cpp.so
[2.684s] -- Set runtime path of "/home/yys/cleaning_robot_ws/install/lslidar_msgs/lib/liblslidar_msgs__rosidl_typesupport_fastrtps_cpp.so" to ""
[2.684s] -- Up-to-date: /home/yys/cleaning_robot_ws/install/lslidar_msgs/include/lslidar_msgs/lslidar_msgs
[2.684s] -- Up-to-date: /home/yys/cleaning_robot_ws/install/lslidar_msgs/include/lslidar_msgs/lslidar_msgs/msg
[2.685s] -- Up-to-date: /home/yys/cleaning_robot_ws/install/lslidar_msgs/include/lslidar_msgs/lslidar_msgs/msg/detail
[2.685s] -- Up-to-date: /home/yys/cleaning_robot_ws/install/lslidar_msgs/include/lslidar_msgs/lslidar_msgs/msg/detail/lslidar_scan__rosidl_typesupport_introspection_c.h
[2.685s] -- Up-to-date: /home/yys/cleaning_robot_ws/install/lslidar_msgs/include/lslidar_msgs/lslidar_msgs/msg/detail/lslidar_difop__rosidl_typesupport_introspection_c.h
[2.685s] -- Up-to-date: /home/yys/cleaning_robot_ws/install/lslidar_msgs/include/lslidar_msgs/lslidar_msgs/msg/detail/lslidar_difop__type_support.c
[2.685s] -- Up-to-date: /home/yys/cleaning_robot_ws/install/lslidar_msgs/include/lslidar_msgs/lslidar_msgs/msg/detail/lslidar_packet__rosidl_typesupport_introspection_c.h
[2.685s] -- Up-to-date: /home/yys/cleaning_robot_ws/install/lslidar_msgs/include/lslidar_msgs/lslidar_msgs/msg/detail/lslidar_sweep__type_support.c
[2.685s] -- Up-to-date: /home/yys/cleaning_robot_ws/install/lslidar_msgs/include/lslidar_msgs/lslidar_msgs/msg/detail/lslidar_packet__type_support.c
[2.685s] -- Up-to-date: /home/yys/cleaning_robot_ws/install/lslidar_msgs/include/lslidar_msgs/lslidar_msgs/msg/detail/lslidar_scan__type_support.c
[2.685s] -- Up-to-date: /home/yys/cleaning_robot_ws/install/lslidar_msgs/include/lslidar_msgs/lslidar_msgs/msg/detail/lslidar_point__type_support.c
[2.685s] -- Up-to-date: /home/yys/cleaning_robot_ws/install/lslidar_msgs/include/lslidar_msgs/lslidar_msgs/msg/detail/lslidar_sweep__rosidl_typesupport_introspection_c.h
[2.685s] -- Up-to-date: /home/yys/cleaning_robot_ws/install/lslidar_msgs/include/lslidar_msgs/lslidar_msgs/msg/detail/lslidar_point__rosidl_typesupport_introspection_c.h
[2.686s] -- Up-to-date: /home/yys/cleaning_robot_ws/install/lslidar_msgs/include/lslidar_msgs/lslidar_msgs/msg/rosidl_typesupport_introspection_c__visibility_control.h
[2.686s] -- Installing: /home/yys/cleaning_robot_ws/install/lslidar_msgs/lib/liblslidar_msgs__rosidl_typesupport_introspection_c.so
[2.686s] -- Set runtime path of "/home/yys/cleaning_robot_ws/install/lslidar_msgs/lib/liblslidar_msgs__rosidl_typesupport_introspection_c.so" to ""
[2.686s] -- Installing: /home/yys/cleaning_robot_ws/install/lslidar_msgs/lib/liblslidar_msgs__rosidl_typesupport_c.so
[2.686s] -- Set runtime path of "/home/yys/cleaning_robot_ws/install/lslidar_msgs/lib/liblslidar_msgs__rosidl_typesupport_c.so" to ""
[2.686s] -- Up-to-date: /home/yys/cleaning_robot_ws/install/lslidar_msgs/include/lslidar_msgs/lslidar_msgs
[2.687s] -- Up-to-date: /home/yys/cleaning_robot_ws/install/lslidar_msgs/include/lslidar_msgs/lslidar_msgs/msg
[2.687s] -- Up-to-date: /home/yys/cleaning_robot_ws/install/lslidar_msgs/include/lslidar_msgs/lslidar_msgs/msg/detail
[2.687s] -- Up-to-date: /home/yys/cleaning_robot_ws/install/lslidar_msgs/include/lslidar_msgs/lslidar_msgs/msg/detail/lslidar_point__type_support.cpp
[2.687s] -- Up-to-date: /home/yys/cleaning_robot_ws/install/lslidar_msgs/include/lslidar_msgs/lslidar_msgs/msg/detail/lslidar_sweep__type_support.cpp
[2.688s] -- Up-to-date: /home/yys/cleaning_robot_ws/install/lslidar_msgs/include/lslidar_msgs/lslidar_msgs/msg/detail/lslidar_scan__type_support.cpp
[2.688s] -- Up-to-date: /home/yys/cleaning_robot_ws/install/lslidar_msgs/include/lslidar_msgs/lslidar_msgs/msg/detail/lslidar_scan__rosidl_typesupport_introspection_cpp.hpp
[2.688s] -- Up-to-date: /home/yys/cleaning_robot_ws/install/lslidar_msgs/include/lslidar_msgs/lslidar_msgs/msg/detail/lslidar_difop__rosidl_typesupport_introspection_cpp.hpp
[2.689s] -- Up-to-date: /home/yys/cleaning_robot_ws/install/lslidar_msgs/include/lslidar_msgs/lslidar_msgs/msg/detail/lslidar_sweep__rosidl_typesupport_introspection_cpp.hpp
[2.689s] -- Up-to-date: /home/yys/cleaning_robot_ws/install/lslidar_msgs/include/lslidar_msgs/lslidar_msgs/msg/detail/lslidar_packet__rosidl_typesupport_introspection_cpp.hpp
[2.689s] -- Up-to-date: /home/yys/cleaning_robot_ws/install/lslidar_msgs/include/lslidar_msgs/lslidar_msgs/msg/detail/lslidar_point__rosidl_typesupport_introspection_cpp.hpp
[2.689s] -- Up-to-date: /home/yys/cleaning_robot_ws/install/lslidar_msgs/include/lslidar_msgs/lslidar_msgs/msg/detail/lslidar_packet__type_support.cpp
[2.690s] -- Up-to-date: /home/yys/cleaning_robot_ws/install/lslidar_msgs/include/lslidar_msgs/lslidar_msgs/msg/detail/lslidar_difop__type_support.cpp
[2.690s] -- Installing: /home/yys/cleaning_robot_ws/install/lslidar_msgs/lib/liblslidar_msgs__rosidl_typesupport_introspection_cpp.so
[2.691s] -- Set runtime path of "/home/yys/cleaning_robot_ws/install/lslidar_msgs/lib/liblslidar_msgs__rosidl_typesupport_introspection_cpp.so" to ""
[2.691s] -- Installing: /home/yys/cleaning_robot_ws/install/lslidar_msgs/lib/liblslidar_msgs__rosidl_typesupport_cpp.so
[2.691s] -- Set runtime path of "/home/yys/cleaning_robot_ws/install/lslidar_msgs/lib/liblslidar_msgs__rosidl_typesupport_cpp.so" to ""
[2.691s] -- Up-to-date: /home/yys/cleaning_robot_ws/install/lslidar_msgs/share/lslidar_msgs/environment/pythonpath.sh
[2.691s] -- Up-to-date: /home/yys/cleaning_robot_ws/install/lslidar_msgs/share/lslidar_msgs/environment/pythonpath.dsv
[2.691s] -- Up-to-date: /home/yys/cleaning_robot_ws/install/lslidar_msgs/local/lib/python3.10/dist-packages/lslidar_msgs-1.2.0-py3.10.egg-info
[2.691s] -- Installing: /home/yys/cleaning_robot_ws/install/lslidar_msgs/local/lib/python3.10/dist-packages/lslidar_msgs-1.2.0-py3.10.egg-info/PKG-INFO
[2.691s] -- Installing: /home/yys/cleaning_robot_ws/install/lslidar_msgs/local/lib/python3.10/dist-packages/lslidar_msgs-1.2.0-py3.10.egg-info/top_level.txt
[2.691s] -- Installing: /home/yys/cleaning_robot_ws/install/lslidar_msgs/local/lib/python3.10/dist-packages/lslidar_msgs-1.2.0-py3.10.egg-info/dependency_links.txt
[2.691s] -- Installing: /home/yys/cleaning_robot_ws/install/lslidar_msgs/local/lib/python3.10/dist-packages/lslidar_msgs-1.2.0-py3.10.egg-info/SOURCES.txt
[2.692s] -- Up-to-date: /home/yys/cleaning_robot_ws/install/lslidar_msgs/local/lib/python3.10/dist-packages/lslidar_msgs
[2.692s] -- Up-to-date: /home/yys/cleaning_robot_ws/install/lslidar_msgs/local/lib/python3.10/dist-packages/lslidar_msgs/__init__.py
[2.692s] -- Up-to-date: /home/yys/cleaning_robot_ws/install/lslidar_msgs/local/lib/python3.10/dist-packages/lslidar_msgs/_lslidar_msgs_s.ep.rosidl_typesupport_fastrtps_c.c
[2.692s] -- Installing: /home/yys/cleaning_robot_ws/install/lslidar_msgs/local/lib/python3.10/dist-packages/lslidar_msgs/lslidar_msgs_s__rosidl_typesupport_fastrtps_c.cpython-310-x86_64-linux-gnu.so
[2.692s] -- Installing: /home/yys/cleaning_robot_ws/install/lslidar_msgs/local/lib/python3.10/dist-packages/lslidar_msgs/lslidar_msgs_s__rosidl_typesupport_introspection_c.cpython-310-x86_64-linux-gnu.so
[2.692s] -- Up-to-date: /home/yys/cleaning_robot_ws/install/lslidar_msgs/local/lib/python3.10/dist-packages/lslidar_msgs/msg
[2.692s] -- Up-to-date: /home/yys/cleaning_robot_ws/install/lslidar_msgs/local/lib/python3.10/dist-packages/lslidar_msgs/msg/_lslidar_difop_s.c
[2.692s] -- Up-to-date: /home/yys/cleaning_robot_ws/install/lslidar_msgs/local/lib/python3.10/dist-packages/lslidar_msgs/msg/_lslidar_sweep.py
[2.692s] -- Up-to-date: /home/yys/cleaning_robot_ws/install/lslidar_msgs/local/lib/python3.10/dist-packages/lslidar_msgs/msg/__init__.py
[2.692s] -- Up-to-date: /home/yys/cleaning_robot_ws/install/lslidar_msgs/local/lib/python3.10/dist-packages/lslidar_msgs/msg/_lslidar_packet_s.c
[2.692s] -- Up-to-date: /home/yys/cleaning_robot_ws/install/lslidar_msgs/local/lib/python3.10/dist-packages/lslidar_msgs/msg/_lslidar_point_s.c
[2.692s] -- Up-to-date: /home/yys/cleaning_robot_ws/install/lslidar_msgs/local/lib/python3.10/dist-packages/lslidar_msgs/msg/_lslidar_sweep_s.c
[2.692s] -- Up-to-date: /home/yys/cleaning_robot_ws/install/lslidar_msgs/local/lib/python3.10/dist-packages/lslidar_msgs/msg/_lslidar_point.py
[2.692s] -- Up-to-date: /home/yys/cleaning_robot_ws/install/lslidar_msgs/local/lib/python3.10/dist-packages/lslidar_msgs/msg/_lslidar_scan_s.c
[2.692s] -- Up-to-date: /home/yys/cleaning_robot_ws/install/lslidar_msgs/local/lib/python3.10/dist-packages/lslidar_msgs/msg/_lslidar_scan.py
[2.692s] -- Up-to-date: /home/yys/cleaning_robot_ws/install/lslidar_msgs/local/lib/python3.10/dist-packages/lslidar_msgs/msg/_lslidar_difop.py
[2.692s] -- Up-to-date: /home/yys/cleaning_robot_ws/install/lslidar_msgs/local/lib/python3.10/dist-packages/lslidar_msgs/msg/_lslidar_packet.py
[2.692s] -- Installing: /home/yys/cleaning_robot_ws/install/lslidar_msgs/local/lib/python3.10/dist-packages/lslidar_msgs/liblslidar_msgs__rosidl_generator_py.so
[2.692s] -- Installing: /home/yys/cleaning_robot_ws/install/lslidar_msgs/local/lib/python3.10/dist-packages/lslidar_msgs/lslidar_msgs_s__rosidl_typesupport_c.cpython-310-x86_64-linux-gnu.so
[2.692s] -- Up-to-date: /home/yys/cleaning_robot_ws/install/lslidar_msgs/local/lib/python3.10/dist-packages/lslidar_msgs/_lslidar_msgs_s.ep.rosidl_typesupport_introspection_c.c
[2.693s] -- Up-to-date: /home/yys/cleaning_robot_ws/install/lslidar_msgs/local/lib/python3.10/dist-packages/lslidar_msgs/_lslidar_msgs_s.ep.rosidl_typesupport_c.c
[2.721s] Listing '/home/yys/cleaning_robot_ws/install/lslidar_msgs/local/lib/python3.10/dist-packages/lslidar_msgs'...
[2.721s] Listing '/home/yys/cleaning_robot_ws/install/lslidar_msgs/local/lib/python3.10/dist-packages/lslidar_msgs/msg'...
[2.725s] -- Installing: /home/yys/cleaning_robot_ws/install/lslidar_msgs/local/lib/python3.10/dist-packages/lslidar_msgs/lslidar_msgs_s__rosidl_typesupport_fastrtps_c.cpython-310-x86_64-linux-gnu.so
[2.725s] -- Set runtime path of "/home/yys/cleaning_robot_ws/install/lslidar_msgs/local/lib/python3.10/dist-packages/lslidar_msgs/lslidar_msgs_s__rosidl_typesupport_fastrtps_c.cpython-310-x86_64-linux-gnu.so" to ""
[2.725s] -- Installing: /home/yys/cleaning_robot_ws/install/lslidar_msgs/local/lib/python3.10/dist-packages/lslidar_msgs/lslidar_msgs_s__rosidl_typesupport_introspection_c.cpython-310-x86_64-linux-gnu.so
[2.726s] -- Set runtime path of "/home/yys/cleaning_robot_ws/install/lslidar_msgs/local/lib/python3.10/dist-packages/lslidar_msgs/lslidar_msgs_s__rosidl_typesupport_introspection_c.cpython-310-x86_64-linux-gnu.so" to ""
[2.726s] -- Installing: /home/yys/cleaning_robot_ws/install/lslidar_msgs/local/lib/python3.10/dist-packages/lslidar_msgs/lslidar_msgs_s__rosidl_typesupport_c.cpython-310-x86_64-linux-gnu.so
[2.726s] -- Set runtime path of "/home/yys/cleaning_robot_ws/install/lslidar_msgs/local/lib/python3.10/dist-packages/lslidar_msgs/lslidar_msgs_s__rosidl_typesupport_c.cpython-310-x86_64-linux-gnu.so" to ""
[2.727s] -- Installing: /home/yys/cleaning_robot_ws/install/lslidar_msgs/lib/liblslidar_msgs__rosidl_generator_py.so
[2.728s] -- Set runtime path of "/home/yys/cleaning_robot_ws/install/lslidar_msgs/lib/liblslidar_msgs__rosidl_generator_py.so" to ""
[2.728s] -- Up-to-date: /home/yys/cleaning_robot_ws/install/lslidar_msgs/share/lslidar_msgs/msg/LslidarDifop.idl
[2.729s] -- Up-to-date: /home/yys/cleaning_robot_ws/install/lslidar_msgs/share/lslidar_msgs/msg/LslidarPacket.idl
[2.729s] -- Up-to-date: /home/yys/cleaning_robot_ws/install/lslidar_msgs/share/lslidar_msgs/msg/LslidarPoint.idl
[2.731s] -- Up-to-date: /home/yys/cleaning_robot_ws/install/lslidar_msgs/share/lslidar_msgs/msg/LslidarScan.idl
[2.731s] -- Up-to-date: /home/yys/cleaning_robot_ws/install/lslidar_msgs/share/lslidar_msgs/msg/LslidarSweep.idl
[2.732s] -- Up-to-date: /home/yys/cleaning_robot_ws/install/lslidar_msgs/share/lslidar_msgs/msg/LslidarDifop.msg
[2.732s] -- Up-to-date: /home/yys/cleaning_robot_ws/install/lslidar_msgs/share/lslidar_msgs/msg/LslidarPacket.msg
[2.732s] -- Up-to-date: /home/yys/cleaning_robot_ws/install/lslidar_msgs/share/lslidar_msgs/msg/LslidarPoint.msg
[2.732s] -- Up-to-date: /home/yys/cleaning_robot_ws/install/lslidar_msgs/share/lslidar_msgs/msg/LslidarScan.msg
[2.733s] -- Up-to-date: /home/yys/cleaning_robot_ws/install/lslidar_msgs/share/lslidar_msgs/msg/LslidarSweep.msg
[2.733s] -- Up-to-date: /home/yys/cleaning_robot_ws/install/lslidar_msgs/share/ament_index/resource_index/package_run_dependencies/lslidar_msgs
[2.733s] -- Up-to-date: /home/yys/cleaning_robot_ws/install/lslidar_msgs/share/ament_index/resource_index/parent_prefix_path/lslidar_msgs
[2.733s] -- Up-to-date: /home/yys/cleaning_robot_ws/install/lslidar_msgs/share/lslidar_msgs/environment/ament_prefix_path.sh
[2.733s] -- Up-to-date: /home/yys/cleaning_robot_ws/install/lslidar_msgs/share/lslidar_msgs/environment/ament_prefix_path.dsv
[2.734s] -- Up-to-date: /home/yys/cleaning_robot_ws/install/lslidar_msgs/share/lslidar_msgs/environment/path.sh
[2.734s] -- Up-to-date: /home/yys/cleaning_robot_ws/install/lslidar_msgs/share/lslidar_msgs/environment/path.dsv
[2.734s] -- Up-to-date: /home/yys/cleaning_robot_ws/install/lslidar_msgs/share/lslidar_msgs/local_setup.bash
[2.735s] -- Up-to-date: /home/yys/cleaning_robot_ws/install/lslidar_msgs/share/lslidar_msgs/local_setup.sh
[2.735s] -- Up-to-date: /home/yys/cleaning_robot_ws/install/lslidar_msgs/share/lslidar_msgs/local_setup.zsh
[2.735s] -- Up-to-date: /home/yys/cleaning_robot_ws/install/lslidar_msgs/share/lslidar_msgs/local_setup.dsv
[2.735s] -- Installing: /home/yys/cleaning_robot_ws/install/lslidar_msgs/share/lslidar_msgs/package.dsv
[2.735s] -- Up-to-date: /home/yys/cleaning_robot_ws/install/lslidar_msgs/share/ament_index/resource_index/packages/lslidar_msgs
[2.735s] -- Up-to-date: /home/yys/cleaning_robot_ws/install/lslidar_msgs/share/lslidar_msgs/cmake/export_lslidar_msgs__rosidl_generator_cExport.cmake
[2.735s] -- Up-to-date: /home/yys/cleaning_robot_ws/install/lslidar_msgs/share/lslidar_msgs/cmake/export_lslidar_msgs__rosidl_generator_cExport-noconfig.cmake
[2.736s] -- Up-to-date: /home/yys/cleaning_robot_ws/install/lslidar_msgs/share/lslidar_msgs/cmake/export_lslidar_msgs__rosidl_typesupport_fastrtps_cExport.cmake
[2.737s] -- Up-to-date: /home/yys/cleaning_robot_ws/install/lslidar_msgs/share/lslidar_msgs/cmake/export_lslidar_msgs__rosidl_typesupport_fastrtps_cExport-noconfig.cmake
[2.737s] -- Up-to-date: /home/yys/cleaning_robot_ws/install/lslidar_msgs/share/lslidar_msgs/cmake/export_lslidar_msgs__rosidl_generator_cppExport.cmake
[2.737s] -- Up-to-date: /home/yys/cleaning_robot_ws/install/lslidar_msgs/share/lslidar_msgs/cmake/export_lslidar_msgs__rosidl_typesupport_fastrtps_cppExport.cmake
[2.737s] -- Up-to-date: /home/yys/cleaning_robot_ws/install/lslidar_msgs/share/lslidar_msgs/cmake/export_lslidar_msgs__rosidl_typesupport_fastrtps_cppExport-noconfig.cmake
[2.737s] -- Up-to-date: /home/yys/cleaning_robot_ws/install/lslidar_msgs/share/lslidar_msgs/cmake/lslidar_msgs__rosidl_typesupport_introspection_cExport.cmake
[2.738s] -- Up-to-date: /home/yys/cleaning_robot_ws/install/lslidar_msgs/share/lslidar_msgs/cmake/lslidar_msgs__rosidl_typesupport_introspection_cExport-noconfig.cmake
[2.738s] -- Up-to-date: /home/yys/cleaning_robot_ws/install/lslidar_msgs/share/lslidar_msgs/cmake/lslidar_msgs__rosidl_typesupport_cExport.cmake
[2.738s] -- Up-to-date: /home/yys/cleaning_robot_ws/install/lslidar_msgs/share/lslidar_msgs/cmake/lslidar_msgs__rosidl_typesupport_cExport-noconfig.cmake
[2.739s] -- Up-to-date: /home/yys/cleaning_robot_ws/install/lslidar_msgs/share/lslidar_msgs/cmake/lslidar_msgs__rosidl_typesupport_introspection_cppExport.cmake
[2.739s] -- Up-to-date: /home/yys/cleaning_robot_ws/install/lslidar_msgs/share/lslidar_msgs/cmake/lslidar_msgs__rosidl_typesupport_introspection_cppExport-noconfig.cmake
[2.739s] -- Up-to-date: /home/yys/cleaning_robot_ws/install/lslidar_msgs/share/lslidar_msgs/cmake/lslidar_msgs__rosidl_typesupport_cppExport.cmake
[2.739s] -- Up-to-date: /home/yys/cleaning_robot_ws/install/lslidar_msgs/share/lslidar_msgs/cmake/lslidar_msgs__rosidl_typesupport_cppExport-noconfig.cmake
[2.740s] -- Up-to-date: /home/yys/cleaning_robot_ws/install/lslidar_msgs/share/lslidar_msgs/cmake/export_lslidar_msgs__rosidl_generator_pyExport.cmake
[2.740s] -- Up-to-date: /home/yys/cleaning_robot_ws/install/lslidar_msgs/share/lslidar_msgs/cmake/export_lslidar_msgs__rosidl_generator_pyExport-noconfig.cmake
[2.740s] -- Up-to-date: /home/yys/cleaning_robot_ws/install/lslidar_msgs/share/lslidar_msgs/cmake/rosidl_cmake-extras.cmake
[2.740s] -- Up-to-date: /home/yys/cleaning_robot_ws/install/lslidar_msgs/share/lslidar_msgs/cmake/ament_cmake_export_dependencies-extras.cmake
[2.740s] -- Up-to-date: /home/yys/cleaning_robot_ws/install/lslidar_msgs/share/lslidar_msgs/cmake/ament_cmake_export_include_directories-extras.cmake
[2.741s] -- Up-to-date: /home/yys/cleaning_robot_ws/install/lslidar_msgs/share/lslidar_msgs/cmake/ament_cmake_export_libraries-extras.cmake
[2.741s] -- Up-to-date: /home/yys/cleaning_robot_ws/install/lslidar_msgs/share/lslidar_msgs/cmake/ament_cmake_export_targets-extras.cmake
[2.741s] -- Up-to-date: /home/yys/cleaning_robot_ws/install/lslidar_msgs/share/lslidar_msgs/cmake/rosidl_cmake_export_typesupport_targets-extras.cmake
[2.741s] -- Up-to-date: /home/yys/cleaning_robot_ws/install/lslidar_msgs/share/lslidar_msgs/cmake/rosidl_cmake_export_typesupport_libraries-extras.cmake
[2.741s] -- Up-to-date: /home/yys/cleaning_robot_ws/install/lslidar_msgs/share/lslidar_msgs/cmake/lslidar_msgsConfig.cmake
[2.741s] -- Up-to-date: /home/yys/cleaning_robot_ws/install/lslidar_msgs/share/lslidar_msgs/cmake/lslidar_msgsConfig-version.cmake
[2.741s] -- Up-to-date: /home/yys/cleaning_robot_ws/install/lslidar_msgs/share/lslidar_msgs/package.xml
[2.749s] Invoked command in '/home/yys/cleaning_robot_ws/build/lslidar_msgs' returned '0': /usr/bin/cmake --install /home/yys/cleaning_robot_ws/build/lslidar_msgs
