[2.179s] Invoking command in '/home/yys/cleaning_robot_ws/build/cleaning_robot_control': PYTHONPATH=/home/yys/cleaning_robot_ws/build/cleaning_robot_control/prefix_override:/usr/lib/python3/dist-packages/colcon_core/task/python/colcon_distutils_commands:/home/yys/cleaning_robot_ws/install/cleaning_robot_control/lib/python3.10/site-packages: /usr/bin/python3 -W ignore:setup.py install is deprecated -W ignore:easy_install command is deprecated setup.py develop --uninstall --editable --build-directory /home/yys/cleaning_robot_ws/build/cleaning_robot_control/build
[2.381s] running develop
[2.464s] Removing /home/yys/cleaning_robot_ws/install/cleaning_robot_control/lib/python3.10/site-packages/cleaning-robot-control.egg-link (link to .)
[2.497s] Invoked command in '/home/yys/cleaning_robot_ws/build/cleaning_robot_control' returned '0': PYTHONPATH=/home/yys/cleaning_robot_ws/build/cleaning_robot_control/prefix_override:/usr/lib/python3/dist-packages/colcon_core/task/python/colcon_distutils_commands:/home/yys/cleaning_robot_ws/install/cleaning_robot_control/lib/python3.10/site-packages: /usr/bin/python3 -W ignore:setup.py install is deprecated -W ignore:easy_install command is deprecated setup.py develop --uninstall --editable --build-directory /home/yys/cleaning_robot_ws/build/cleaning_robot_control/build
[2.500s] Invoking command in '/home/yys/cleaning_robot_ws/src/cleaning_robot_control': PYTHONPATH=/home/yys/cleaning_robot_ws/build/cleaning_robot_control/prefix_override:/usr/lib/python3/dist-packages/colcon_core/task/python/colcon_distutils_commands:/home/yys/cleaning_robot_ws/install/cleaning_robot_control/lib/python3.10/site-packages: /usr/bin/python3 -W ignore:setup.py install is deprecated -W ignore:easy_install command is deprecated setup.py egg_info --egg-base ../../build/cleaning_robot_control build --build-base /home/yys/cleaning_robot_ws/build/cleaning_robot_control/build install --record /home/yys/cleaning_robot_ws/build/cleaning_robot_control/install.log --single-version-externally-managed install_data --force
[2.658s] running egg_info
[2.659s] writing ../../build/cleaning_robot_control/cleaning_robot_control.egg-info/PKG-INFO
[2.660s] writing dependency_links to ../../build/cleaning_robot_control/cleaning_robot_control.egg-info/dependency_links.txt
[2.660s] writing entry points to ../../build/cleaning_robot_control/cleaning_robot_control.egg-info/entry_points.txt
[2.660s] writing requirements to ../../build/cleaning_robot_control/cleaning_robot_control.egg-info/requires.txt
[2.660s] writing top-level names to ../../build/cleaning_robot_control/cleaning_robot_control.egg-info/top_level.txt
[2.662s] reading manifest file '../../build/cleaning_robot_control/cleaning_robot_control.egg-info/SOURCES.txt'
[2.663s] writing manifest file '../../build/cleaning_robot_control/cleaning_robot_control.egg-info/SOURCES.txt'
[2.663s] running build
[2.663s] running build_py
[2.663s] copying cleaning_robot_control/cleaning_dashboard.py -> /home/yys/cleaning_robot_ws/build/cleaning_robot_control/build/lib/cleaning_robot_control
[2.664s] copying cleaning_robot_control/keyboard_teleop.py -> /home/yys/cleaning_robot_ws/build/cleaning_robot_control/build/lib/cleaning_robot_control
[2.665s] running install
[2.665s] running install_lib
[2.666s] creating /home/yys/cleaning_robot_ws/install/cleaning_robot_control/lib/python3.10/site-packages/cleaning_robot_control
[2.666s] copying /home/yys/cleaning_robot_ws/build/cleaning_robot_control/build/lib/cleaning_robot_control/cleaning_controller.py -> /home/yys/cleaning_robot_ws/install/cleaning_robot_control/lib/python3.10/site-packages/cleaning_robot_control
[2.667s] copying /home/yys/cleaning_robot_ws/build/cleaning_robot_control/build/lib/cleaning_robot_control/__init__.py -> /home/yys/cleaning_robot_ws/install/cleaning_robot_control/lib/python3.10/site-packages/cleaning_robot_control
[2.669s] copying /home/yys/cleaning_robot_ws/build/cleaning_robot_control/build/lib/cleaning_robot_control/cleaning_dashboard.py -> /home/yys/cleaning_robot_ws/install/cleaning_robot_control/lib/python3.10/site-packages/cleaning_robot_control
[2.669s] copying /home/yys/cleaning_robot_ws/build/cleaning_robot_control/build/lib/cleaning_robot_control/keyboard_teleop.py -> /home/yys/cleaning_robot_ws/install/cleaning_robot_control/lib/python3.10/site-packages/cleaning_robot_control
[2.672s] byte-compiling /home/yys/cleaning_robot_ws/install/cleaning_robot_control/lib/python3.10/site-packages/cleaning_robot_control/cleaning_controller.py to cleaning_controller.cpython-310.pyc
[2.672s] byte-compiling /home/yys/cleaning_robot_ws/install/cleaning_robot_control/lib/python3.10/site-packages/cleaning_robot_control/__init__.py to __init__.cpython-310.pyc
[2.674s] byte-compiling /home/yys/cleaning_robot_ws/install/cleaning_robot_control/lib/python3.10/site-packages/cleaning_robot_control/cleaning_dashboard.py to cleaning_dashboard.cpython-310.pyc
[2.678s] byte-compiling /home/yys/cleaning_robot_ws/install/cleaning_robot_control/lib/python3.10/site-packages/cleaning_robot_control/keyboard_teleop.py to keyboard_teleop.cpython-310.pyc
[2.679s] running install_data
[2.679s] copying resource/cleaning_robot_control -> /home/yys/cleaning_robot_ws/install/cleaning_robot_control/share/ament_index/resource_index/packages
[2.680s] copying package.xml -> /home/yys/cleaning_robot_ws/install/cleaning_robot_control/share/cleaning_robot_control
[2.680s] running install_egg_info
[2.681s] Copying ../../build/cleaning_robot_control/cleaning_robot_control.egg-info to /home/yys/cleaning_robot_ws/install/cleaning_robot_control/lib/python3.10/site-packages/cleaning_robot_control-0.0.0-py3.10.egg-info
[2.684s] running install_scripts
[2.700s] Installing cleaning_controller script to /home/yys/cleaning_robot_ws/install/cleaning_robot_control/lib/cleaning_robot_control
[2.700s] Installing cleaning_dashboard script to /home/yys/cleaning_robot_ws/install/cleaning_robot_control/lib/cleaning_robot_control
[2.700s] Installing keyboard_teleop script to /home/yys/cleaning_robot_ws/install/cleaning_robot_control/lib/cleaning_robot_control
[2.701s] writing list of installed files to '/home/yys/cleaning_robot_ws/build/cleaning_robot_control/install.log'
[2.730s] Invoked command in '/home/yys/cleaning_robot_ws/src/cleaning_robot_control' returned '0': PYTHONPATH=/home/yys/cleaning_robot_ws/build/cleaning_robot_control/prefix_override:/usr/lib/python3/dist-packages/colcon_core/task/python/colcon_distutils_commands:/home/yys/cleaning_robot_ws/install/cleaning_robot_control/lib/python3.10/site-packages: /usr/bin/python3 -W ignore:setup.py install is deprecated -W ignore:easy_install command is deprecated setup.py egg_info --egg-base ../../build/cleaning_robot_control build --build-base /home/yys/cleaning_robot_ws/build/cleaning_robot_control/build install --record /home/yys/cleaning_robot_ws/build/cleaning_robot_control/install.log --single-version-externally-managed install_data --force
