[1.067s] Invoking command in '/home/yys/cleaning_robot_ws/src/cleaning_robot_control': PYTHONPATH=/home/yys/cleaning_robot_ws/build/cleaning_robot_control/prefix_override:/usr/lib/python3/dist-packages/colcon_core/task/python/colcon_distutils_commands:/home/yys/cleaning_robot_ws/install/cleaning_robot_control/lib/python3.10/site-packages:${PYTHONPATH} /usr/bin/python3 -W ignore:setup.py install is deprecated -W ignore:easy_install command is deprecated setup.py egg_info --egg-base ../../build/cleaning_robot_control build --build-base /home/yys/cleaning_robot_ws/build/cleaning_robot_control/build install --record /home/yys/cleaning_robot_ws/build/cleaning_robot_control/install.log --single-version-externally-managed install_data
[1.259s] running egg_info
[1.260s] creating ../../build/cleaning_robot_control/cleaning_robot_control.egg-info
[1.260s] writing ../../build/cleaning_robot_control/cleaning_robot_control.egg-info/PKG-INFO
[1.260s] writing dependency_links to ../../build/cleaning_robot_control/cleaning_robot_control.egg-info/dependency_links.txt
[1.260s] writing entry points to ../../build/cleaning_robot_control/cleaning_robot_control.egg-info/entry_points.txt
[1.260s] writing requirements to ../../build/cleaning_robot_control/cleaning_robot_control.egg-info/requires.txt
[1.260s] writing top-level names to ../../build/cleaning_robot_control/cleaning_robot_control.egg-info/top_level.txt
[1.260s] writing manifest file '../../build/cleaning_robot_control/cleaning_robot_control.egg-info/SOURCES.txt'
[1.262s] reading manifest file '../../build/cleaning_robot_control/cleaning_robot_control.egg-info/SOURCES.txt'
[1.263s] writing manifest file '../../build/cleaning_robot_control/cleaning_robot_control.egg-info/SOURCES.txt'
[1.263s] running build
[1.263s] running build_py
[1.263s] creating /home/yys/cleaning_robot_ws/build/cleaning_robot_control/build
[1.263s] creating /home/yys/cleaning_robot_ws/build/cleaning_robot_control/build/lib
[1.264s] creating /home/yys/cleaning_robot_ws/build/cleaning_robot_control/build/lib/cleaning_robot_control
[1.264s] copying cleaning_robot_control/cleaning_controller.py -> /home/yys/cleaning_robot_ws/build/cleaning_robot_control/build/lib/cleaning_robot_control
[1.265s] copying cleaning_robot_control/__init__.py -> /home/yys/cleaning_robot_ws/build/cleaning_robot_control/build/lib/cleaning_robot_control
[1.266s] running install
[1.266s] running install_lib
[1.267s] creating /home/yys/cleaning_robot_ws/install/cleaning_robot_control/lib/python3.10/site-packages/cleaning_robot_control
[1.269s] copying /home/yys/cleaning_robot_ws/build/cleaning_robot_control/build/lib/cleaning_robot_control/cleaning_controller.py -> /home/yys/cleaning_robot_ws/install/cleaning_robot_control/lib/python3.10/site-packages/cleaning_robot_control
[1.269s] copying /home/yys/cleaning_robot_ws/build/cleaning_robot_control/build/lib/cleaning_robot_control/__init__.py -> /home/yys/cleaning_robot_ws/install/cleaning_robot_control/lib/python3.10/site-packages/cleaning_robot_control
[1.270s] byte-compiling /home/yys/cleaning_robot_ws/install/cleaning_robot_control/lib/python3.10/site-packages/cleaning_robot_control/cleaning_controller.py to cleaning_controller.cpython-310.pyc
[1.273s] byte-compiling /home/yys/cleaning_robot_ws/install/cleaning_robot_control/lib/python3.10/site-packages/cleaning_robot_control/__init__.py to __init__.cpython-310.pyc
[1.274s] running install_data
[1.274s] creating /home/yys/cleaning_robot_ws/install/cleaning_robot_control/share/ament_index
[1.274s] creating /home/yys/cleaning_robot_ws/install/cleaning_robot_control/share/ament_index/resource_index
[1.274s] creating /home/yys/cleaning_robot_ws/install/cleaning_robot_control/share/ament_index/resource_index/packages
[1.274s] copying resource/cleaning_robot_control -> /home/yys/cleaning_robot_ws/install/cleaning_robot_control/share/ament_index/resource_index/packages
[1.274s] copying package.xml -> /home/yys/cleaning_robot_ws/install/cleaning_robot_control/share/cleaning_robot_control
[1.274s] running install_egg_info
[1.277s] Copying ../../build/cleaning_robot_control/cleaning_robot_control.egg-info to /home/yys/cleaning_robot_ws/install/cleaning_robot_control/lib/python3.10/site-packages/cleaning_robot_control-0.0.0-py3.10.egg-info
[1.279s] running install_scripts
[1.296s] Installing cleaning_controller script to /home/yys/cleaning_robot_ws/install/cleaning_robot_control/lib/cleaning_robot_control
[1.296s] writing list of installed files to '/home/yys/cleaning_robot_ws/build/cleaning_robot_control/install.log'
[1.333s] Invoked command in '/home/yys/cleaning_robot_ws/src/cleaning_robot_control' returned '0': PYTHONPATH=/home/yys/cleaning_robot_ws/build/cleaning_robot_control/prefix_override:/usr/lib/python3/dist-packages/colcon_core/task/python/colcon_distutils_commands:/home/yys/cleaning_robot_ws/install/cleaning_robot_control/lib/python3.10/site-packages:${PYTHONPATH} /usr/bin/python3 -W ignore:setup.py install is deprecated -W ignore:easy_install command is deprecated setup.py egg_info --egg-base ../../build/cleaning_robot_control build --build-base /home/yys/cleaning_robot_ws/build/cleaning_robot_control/build install --record /home/yys/cleaning_robot_ws/build/cleaning_robot_control/install.log --single-version-externally-managed install_data
