[0.174s] Invoking command in '/home/yys/cleaning_robot_ws/build/cleaning_robot_description': CMAKE_PREFIX_PATH=/opt/ros/humble /usr/bin/cmake /home/yys/cleaning_robot_ws/src/cleaning_robot_description -DAMENT_CMAKE_SYMLINK_INSTALL=1 -DCMAKE_INSTALL_PREFIX=/home/yys/cleaning_robot_ws/install/cleaning_robot_description
[0.349s] -- Found ament_cmake: 1.3.11 (/opt/ros/humble/share/ament_cmake/cmake)
[0.349s] -- Override CMake install command with custom implementation using symlinks instead of copying resources
[0.354s] -- Found ament_lint_auto: 0.12.12 (/opt/ros/humble/share/ament_lint_auto/cmake)
[0.429s] -- Added test 'copyright' to check source files copyright and LICENSE
[0.431s] -- Added test 'flake8' to check Python code syntax and style conventions
[0.432s] -- Added test 'lint_cmake' to check CMake code style
[0.432s] -- Added test 'pep257' to check Python code against some of the docstring style conventions in PEP 257
[0.434s] -- Added test 'xmllint' to check XML markup files
[0.437s] -- Configuring done
[0.440s] -- Generating done
[0.441s] -- Build files have been written to: /home/yys/cleaning_robot_ws/build/cleaning_robot_description
[0.446s] Invoked command in '/home/yys/cleaning_robot_ws/build/cleaning_robot_description' returned '0': CMAKE_PREFIX_PATH=/opt/ros/humble /usr/bin/cmake /home/yys/cleaning_robot_ws/src/cleaning_robot_description -DAMENT_CMAKE_SYMLINK_INSTALL=1 -DCMAKE_INSTALL_PREFIX=/home/yys/cleaning_robot_ws/install/cleaning_robot_description
[0.447s] Invoking command in '/home/yys/cleaning_robot_ws/build/cleaning_robot_description': CMAKE_PREFIX_PATH=/opt/ros/humble /usr/bin/cmake --build /home/yys/cleaning_robot_ws/build/cleaning_robot_description -- -j16 -l16
[0.482s] Invoked command in '/home/yys/cleaning_robot_ws/build/cleaning_robot_description' returned '0': CMAKE_PREFIX_PATH=/opt/ros/humble /usr/bin/cmake --build /home/yys/cleaning_robot_ws/build/cleaning_robot_description -- -j16 -l16
[0.492s] Invoking command in '/home/yys/cleaning_robot_ws/build/cleaning_robot_description': CMAKE_PREFIX_PATH=/opt/ros/humble /usr/bin/cmake --install /home/yys/cleaning_robot_ws/build/cleaning_robot_description
[0.497s] -- Install configuration: ""
[0.497s] -- Execute custom install script
[0.497s] -- Symlinking: /home/yys/cleaning_robot_ws/install/cleaning_robot_description/share/cleaning_robot_description//launch/cleaning_robot_complete.launch.py
[0.506s] -- Symlinking: /home/yys/cleaning_robot_ws/install/cleaning_robot_description/share/cleaning_robot_description//launch/cleaning_robot_full_system.launch.py
[0.514s] -- Symlinking: /home/yys/cleaning_robot_ws/install/cleaning_robot_description/share/cleaning_robot_description//launch/cleaning_robot_with_lslidar.launch.py
[0.523s] -- Symlinking: /home/yys/cleaning_robot_ws/install/cleaning_robot_description/share/cleaning_robot_description//launch/cleaning_robot_with_orbbec.launch.py
[0.530s] -- Symlinking: /home/yys/cleaning_robot_ws/install/cleaning_robot_description/share/cleaning_robot_description//launch/gazebo.launch.py
[0.541s] -- Symlinking: /home/yys/cleaning_robot_ws/install/cleaning_robot_description/share/cleaning_robot_description//launch/robot_state_publisher.launch.py
[0.549s] -- Symlinking: /home/yys/cleaning_robot_ws/install/cleaning_robot_description/share/cleaning_robot_description//urdf/cleaning_robot.urdf.xacro
[0.558s] -- Symlinking: /home/yys/cleaning_robot_ws/install/cleaning_robot_description/share/cleaning_robot_description//config/cleaning_robot.rviz
[0.566s] -- Symlinking: /home/yys/cleaning_robot_ws/install/cleaning_robot_description/share/cleaning_robot_description//meshes/.gitkeep
[0.575s] -- Symlinking: /home/yys/cleaning_robot_ws/install/cleaning_robot_description/share/cleaning_robot_description//rviz/cleaning_robot_full.rviz
[0.583s] -- Symlinking: /home/yys/cleaning_robot_ws/install/cleaning_robot_description/share/ament_index/resource_index/package_run_dependencies/cleaning_robot_description
[0.591s] -- Symlinking: /home/yys/cleaning_robot_ws/install/cleaning_robot_description/share/ament_index/resource_index/parent_prefix_path/cleaning_robot_description
[0.599s] -- Symlinking: /home/yys/cleaning_robot_ws/install/cleaning_robot_description/share/cleaning_robot_description/environment/ament_prefix_path.sh
[0.607s] -- Symlinking: /home/yys/cleaning_robot_ws/install/cleaning_robot_description/share/cleaning_robot_description/environment/ament_prefix_path.dsv
[0.614s] -- Symlinking: /home/yys/cleaning_robot_ws/install/cleaning_robot_description/share/cleaning_robot_description/environment/path.sh
[0.621s] -- Symlinking: /home/yys/cleaning_robot_ws/install/cleaning_robot_description/share/cleaning_robot_description/environment/path.dsv
[0.628s] -- Symlinking: /home/yys/cleaning_robot_ws/install/cleaning_robot_description/share/cleaning_robot_description/local_setup.bash
[0.636s] -- Symlinking: /home/yys/cleaning_robot_ws/install/cleaning_robot_description/share/cleaning_robot_description/local_setup.sh
[0.643s] -- Symlinking: /home/yys/cleaning_robot_ws/install/cleaning_robot_description/share/cleaning_robot_description/local_setup.zsh
[0.650s] -- Symlinking: /home/yys/cleaning_robot_ws/install/cleaning_robot_description/share/cleaning_robot_description/local_setup.dsv
[0.657s] -- Symlinking: /home/yys/cleaning_robot_ws/install/cleaning_robot_description/share/cleaning_robot_description/package.dsv
[0.665s] -- Symlinking: /home/yys/cleaning_robot_ws/install/cleaning_robot_description/share/ament_index/resource_index/packages/cleaning_robot_description
[0.673s] -- Symlinking: /home/yys/cleaning_robot_ws/install/cleaning_robot_description/share/cleaning_robot_description/cmake/cleaning_robot_descriptionConfig.cmake
[0.680s] -- Symlinking: /home/yys/cleaning_robot_ws/install/cleaning_robot_description/share/cleaning_robot_description/cmake/cleaning_robot_descriptionConfig-version.cmake
[0.688s] -- Symlinking: /home/yys/cleaning_robot_ws/install/cleaning_robot_description/share/cleaning_robot_description/package.xml
[0.696s] Invoked command in '/home/yys/cleaning_robot_ws/build/cleaning_robot_description' returned '0': CMAKE_PREFIX_PATH=/opt/ros/humble /usr/bin/cmake --install /home/yys/cleaning_robot_ws/build/cleaning_robot_description
