running develop
Removing /home/yys/cleaning_robot_ws/install/cleaning_robot_navigation/lib/python3.10/site-packages/cleaning-robot-navigation.egg-link (link to .)
running egg_info
writing ../../build/cleaning_robot_navigation/cleaning_robot_navigation.egg-info/PKG-INFO
writing dependency_links to ../../build/cleaning_robot_navigation/cleaning_robot_navigation.egg-info/dependency_links.txt
writing entry points to ../../build/cleaning_robot_navigation/cleaning_robot_navigation.egg-info/entry_points.txt
writing requirements to ../../build/cleaning_robot_navigation/cleaning_robot_navigation.egg-info/requires.txt
writing top-level names to ../../build/cleaning_robot_navigation/cleaning_robot_navigation.egg-info/top_level.txt
reading manifest file '../../build/cleaning_robot_navigation/cleaning_robot_navigation.egg-info/SOURCES.txt'
writing manifest file '../../build/cleaning_robot_navigation/cleaning_robot_navigation.egg-info/SOURCES.txt'
running build
running build_py
copying cleaning_robot_navigation/simple_odom_publisher.py -> /home/yys/cleaning_robot_ws/build/cleaning_robot_navigation/build/lib/cleaning_robot_navigation
running install
running install_lib
creating /home/yys/cleaning_robot_ws/install/cleaning_robot_navigation/lib/python3.10/site-packages/cleaning_robot_navigation
copying /home/yys/cleaning_robot_ws/build/cleaning_robot_navigation/build/lib/cleaning_robot_navigation/__init__.py -> /home/yys/cleaning_robot_ws/install/cleaning_robot_navigation/lib/python3.10/site-packages/cleaning_robot_navigation
copying /home/yys/cleaning_robot_ws/build/cleaning_robot_navigation/build/lib/cleaning_robot_navigation/simple_odom_publisher.py -> /home/yys/cleaning_robot_ws/install/cleaning_robot_navigation/lib/python3.10/site-packages/cleaning_robot_navigation
byte-compiling /home/yys/cleaning_robot_ws/install/cleaning_robot_navigation/lib/python3.10/site-packages/cleaning_robot_navigation/__init__.py to __init__.cpython-310.pyc
byte-compiling /home/yys/cleaning_robot_ws/install/cleaning_robot_navigation/lib/python3.10/site-packages/cleaning_robot_navigation/simple_odom_publisher.py to simple_odom_publisher.cpython-310.pyc
running install_data
copying resource/cleaning_robot_navigation -> /home/yys/cleaning_robot_ws/install/cleaning_robot_navigation/share/ament_index/resource_index/packages
copying package.xml -> /home/yys/cleaning_robot_ws/install/cleaning_robot_navigation/share/cleaning_robot_navigation
running install_egg_info
Copying ../../build/cleaning_robot_navigation/cleaning_robot_navigation.egg-info to /home/yys/cleaning_robot_ws/install/cleaning_robot_navigation/lib/python3.10/site-packages/cleaning_robot_navigation-0.0.0-py3.10.egg-info
running install_scripts
Installing simple_odom_publisher script to /home/yys/cleaning_robot_ws/install/cleaning_robot_navigation/lib/cleaning_robot_navigation
writing list of installed files to '/home/yys/cleaning_robot_ws/build/cleaning_robot_navigation/install.log'
