[1.044s] Invoking command in '/home/yys/cleaning_robot_ws/src/cleaning_robot_slam': PYTHONPATH=/home/yys/cleaning_robot_ws/build/cleaning_robot_slam/prefix_override:/usr/lib/python3/dist-packages/colcon_core/task/python/colcon_distutils_commands:/home/yys/cleaning_robot_ws/install/cleaning_robot_slam/lib/python3.10/site-packages:${PYTHONPATH} /usr/bin/python3 -W ignore:setup.py install is deprecated -W ignore:easy_install command is deprecated setup.py egg_info --egg-base ../../build/cleaning_robot_slam build --build-base /home/yys/cleaning_robot_ws/build/cleaning_robot_slam/build install --record /home/yys/cleaning_robot_ws/build/cleaning_robot_slam/install.log --single-version-externally-managed install_data
[1.254s] running egg_info
[1.257s] creating ../../build/cleaning_robot_slam/cleaning_robot_slam.egg-info
[1.257s] writing ../../build/cleaning_robot_slam/cleaning_robot_slam.egg-info/PKG-INFO
[1.257s] writing dependency_links to ../../build/cleaning_robot_slam/cleaning_robot_slam.egg-info/dependency_links.txt
[1.257s] writing entry points to ../../build/cleaning_robot_slam/cleaning_robot_slam.egg-info/entry_points.txt
[1.258s] writing requirements to ../../build/cleaning_robot_slam/cleaning_robot_slam.egg-info/requires.txt
[1.258s] writing top-level names to ../../build/cleaning_robot_slam/cleaning_robot_slam.egg-info/top_level.txt
[1.258s] writing manifest file '../../build/cleaning_robot_slam/cleaning_robot_slam.egg-info/SOURCES.txt'
[1.259s] reading manifest file '../../build/cleaning_robot_slam/cleaning_robot_slam.egg-info/SOURCES.txt'
[1.260s] writing manifest file '../../build/cleaning_robot_slam/cleaning_robot_slam.egg-info/SOURCES.txt'
[1.260s] running build
[1.260s] running build_py
[1.261s] creating /home/yys/cleaning_robot_ws/build/cleaning_robot_slam/build
[1.261s] creating /home/yys/cleaning_robot_ws/build/cleaning_robot_slam/build/lib
[1.262s] creating /home/yys/cleaning_robot_ws/build/cleaning_robot_slam/build/lib/cleaning_robot_slam
[1.262s] copying cleaning_robot_slam/multi_sensor_slam.py -> /home/yys/cleaning_robot_ws/build/cleaning_robot_slam/build/lib/cleaning_robot_slam
[1.262s] copying cleaning_robot_slam/__init__.py -> /home/yys/cleaning_robot_ws/build/cleaning_robot_slam/build/lib/cleaning_robot_slam
[1.262s] running install
[1.264s] running install_lib
[1.264s] creating /home/yys/cleaning_robot_ws/install/cleaning_robot_slam/lib/python3.10/site-packages/cleaning_robot_slam
[1.265s] copying /home/yys/cleaning_robot_ws/build/cleaning_robot_slam/build/lib/cleaning_robot_slam/multi_sensor_slam.py -> /home/yys/cleaning_robot_ws/install/cleaning_robot_slam/lib/python3.10/site-packages/cleaning_robot_slam
[1.265s] copying /home/yys/cleaning_robot_ws/build/cleaning_robot_slam/build/lib/cleaning_robot_slam/__init__.py -> /home/yys/cleaning_robot_ws/install/cleaning_robot_slam/lib/python3.10/site-packages/cleaning_robot_slam
[1.265s] byte-compiling /home/yys/cleaning_robot_ws/install/cleaning_robot_slam/lib/python3.10/site-packages/cleaning_robot_slam/multi_sensor_slam.py to multi_sensor_slam.cpython-310.pyc
[1.265s] byte-compiling /home/yys/cleaning_robot_ws/install/cleaning_robot_slam/lib/python3.10/site-packages/cleaning_robot_slam/__init__.py to __init__.cpython-310.pyc
[1.265s] running install_data
[1.266s] creating /home/yys/cleaning_robot_ws/install/cleaning_robot_slam/share/ament_index
[1.266s] creating /home/yys/cleaning_robot_ws/install/cleaning_robot_slam/share/ament_index/resource_index
[1.266s] creating /home/yys/cleaning_robot_ws/install/cleaning_robot_slam/share/ament_index/resource_index/packages
[1.267s] copying resource/cleaning_robot_slam -> /home/yys/cleaning_robot_ws/install/cleaning_robot_slam/share/ament_index/resource_index/packages
[1.267s] copying package.xml -> /home/yys/cleaning_robot_ws/install/cleaning_robot_slam/share/cleaning_robot_slam
[1.267s] running install_egg_info
[1.268s] Copying ../../build/cleaning_robot_slam/cleaning_robot_slam.egg-info to /home/yys/cleaning_robot_ws/install/cleaning_robot_slam/lib/python3.10/site-packages/cleaning_robot_slam-0.0.0-py3.10.egg-info
[1.268s] running install_scripts
[1.290s] Installing multi_sensor_slam script to /home/yys/cleaning_robot_ws/install/cleaning_robot_slam/lib/cleaning_robot_slam
[1.290s] writing list of installed files to '/home/yys/cleaning_robot_ws/build/cleaning_robot_slam/install.log'
[1.332s] Invoked command in '/home/yys/cleaning_robot_ws/src/cleaning_robot_slam' returned '0': PYTHONPATH=/home/yys/cleaning_robot_ws/build/cleaning_robot_slam/prefix_override:/usr/lib/python3/dist-packages/colcon_core/task/python/colcon_distutils_commands:/home/yys/cleaning_robot_ws/install/cleaning_robot_slam/lib/python3.10/site-packages:${PYTHONPATH} /usr/bin/python3 -W ignore:setup.py install is deprecated -W ignore:easy_install command is deprecated setup.py egg_info --egg-base ../../build/cleaning_robot_slam build --build-base /home/yys/cleaning_robot_ws/build/cleaning_robot_slam/build install --record /home/yys/cleaning_robot_ws/build/cleaning_robot_slam/install.log --single-version-externally-managed install_data
