[0.018s] Invoking command in '/home/yys/cleaning_robot_ws/build/cleaning_robot_description': /usr/bin/cmake --build /home/yys/cleaning_robot_ws/build/cleaning_robot_description -- -j16 -l16
[0.167s] Invoked command in '/home/yys/cleaning_robot_ws/build/cleaning_robot_description' returned '0': /usr/bin/cmake --build /home/yys/cleaning_robot_ws/build/cleaning_robot_description -- -j16 -l16
[0.176s] Invoking command in '/home/yys/cleaning_robot_ws/build/cleaning_robot_description': /usr/bin/cmake --install /home/yys/cleaning_robot_ws/build/cleaning_robot_description
[0.183s] -- Install configuration: ""
[0.183s] -- Up-to-date: /home/yys/cleaning_robot_ws/install/cleaning_robot_description/share/cleaning_robot_description//launch
[0.183s] -- Up-to-date: /home/yys/cleaning_robot_ws/install/cleaning_robot_description/share/cleaning_robot_description//launch/robot_state_publisher.launch.py
[0.183s] -- Up-to-date: /home/yys/cleaning_robot_ws/install/cleaning_robot_description/share/cleaning_robot_description//launch/cleaning_robot_with_lslidar.launch.py
[0.183s] -- Up-to-date: /home/yys/cleaning_robot_ws/install/cleaning_robot_description/share/cleaning_robot_description//launch/cleaning_robot_with_orbbec.launch.py
[0.183s] -- Up-to-date: /home/yys/cleaning_robot_ws/install/cleaning_robot_description/share/cleaning_robot_description//launch/gazebo.launch.py
[0.183s] -- Up-to-date: /home/yys/cleaning_robot_ws/install/cleaning_robot_description/share/cleaning_robot_description//launch/cleaning_robot_complete.launch.py
[0.183s] -- Up-to-date: /home/yys/cleaning_robot_ws/install/cleaning_robot_description/share/cleaning_robot_description//urdf
[0.183s] -- Up-to-date: /home/yys/cleaning_robot_ws/install/cleaning_robot_description/share/cleaning_robot_description//urdf/cleaning_robot.urdf.xacro
[0.183s] -- Up-to-date: /home/yys/cleaning_robot_ws/install/cleaning_robot_description/share/cleaning_robot_description//config
[0.183s] -- Up-to-date: /home/yys/cleaning_robot_ws/install/cleaning_robot_description/share/cleaning_robot_description//config/cleaning_robot.rviz
[0.183s] -- Up-to-date: /home/yys/cleaning_robot_ws/install/cleaning_robot_description/share/cleaning_robot_description//meshes
[0.183s] -- Installing: /home/yys/cleaning_robot_ws/install/cleaning_robot_description/share/cleaning_robot_description//meshes/.gitkeep
[0.184s] -- Up-to-date: /home/yys/cleaning_robot_ws/install/cleaning_robot_description/share/ament_index/resource_index/package_run_dependencies/cleaning_robot_description
[0.184s] -- Up-to-date: /home/yys/cleaning_robot_ws/install/cleaning_robot_description/share/ament_index/resource_index/parent_prefix_path/cleaning_robot_description
[0.184s] -- Up-to-date: /home/yys/cleaning_robot_ws/install/cleaning_robot_description/share/cleaning_robot_description/environment/ament_prefix_path.sh
[0.184s] -- Up-to-date: /home/yys/cleaning_robot_ws/install/cleaning_robot_description/share/cleaning_robot_description/environment/ament_prefix_path.dsv
[0.184s] -- Up-to-date: /home/yys/cleaning_robot_ws/install/cleaning_robot_description/share/cleaning_robot_description/environment/path.sh
[0.185s] -- Up-to-date: /home/yys/cleaning_robot_ws/install/cleaning_robot_description/share/cleaning_robot_description/environment/path.dsv
[0.185s] -- Up-to-date: /home/yys/cleaning_robot_ws/install/cleaning_robot_description/share/cleaning_robot_description/local_setup.bash
[0.185s] -- Up-to-date: /home/yys/cleaning_robot_ws/install/cleaning_robot_description/share/cleaning_robot_description/local_setup.sh
[0.185s] -- Up-to-date: /home/yys/cleaning_robot_ws/install/cleaning_robot_description/share/cleaning_robot_description/local_setup.zsh
[0.185s] -- Up-to-date: /home/yys/cleaning_robot_ws/install/cleaning_robot_description/share/cleaning_robot_description/local_setup.dsv
[0.185s] -- Up-to-date: /home/yys/cleaning_robot_ws/install/cleaning_robot_description/share/cleaning_robot_description/package.dsv
[0.185s] -- Up-to-date: /home/yys/cleaning_robot_ws/install/cleaning_robot_description/share/ament_index/resource_index/packages/cleaning_robot_description
[0.185s] -- Up-to-date: /home/yys/cleaning_robot_ws/install/cleaning_robot_description/share/cleaning_robot_description/cmake/cleaning_robot_descriptionConfig.cmake
[0.185s] -- Up-to-date: /home/yys/cleaning_robot_ws/install/cleaning_robot_description/share/cleaning_robot_description/cmake/cleaning_robot_descriptionConfig-version.cmake
[0.185s] -- Up-to-date: /home/yys/cleaning_robot_ws/install/cleaning_robot_description/share/cleaning_robot_description/package.xml
[0.187s] Invoked command in '/home/yys/cleaning_robot_ws/build/cleaning_robot_description' returned '0': /usr/bin/cmake --install /home/yys/cleaning_robot_ws/build/cleaning_robot_description
