[0.476s] DEBUG:colcon:Command line arguments: ['/usr/bin/colcon', 'build', '--packages-select', 'cleaning_robot_description']
[0.476s] DEBUG:colcon:Parsed command line arguments: Namespace(log_base=None, log_level=None, verb_name='build', build_base='build', install_base='install', merge_install=False, symlink_install=False, test_result_base=None, continue_on_error=False, executor='parallel', parallel_workers=16, event_handlers=None, ignore_user_meta=False, metas=['./colcon.meta'], base_paths=['.'], packages_ignore=None, packages_ignore_regex=None, paths=None, packages_up_to=None, packages_up_to_regex=None, packages_above=None, packages_above_and_dependencies=None, packages_above_depth=None, packages_select_by_dep=None, packages_skip_by_dep=None, packages_skip_up_to=None, packages_select_build_failed=False, packages_skip_build_finished=False, packages_select_test_failures=False, packages_skip_test_passed=False, packages_select=['cleaning_robot_description'], packages_skip=None, packages_select_regex=None, packages_skip_regex=None, packages_start=None, packages_end=None, allow_overriding=[], cmake_args=None, cmake_target=None, cmake_target_skip_unavailable=False, cmake_clean_cache=False, cmake_clean_first=False, cmake_force_configure=False, ament_cmake_args=None, catkin_cmake_args=None, catkin_skip_building_tests=False, verb_parser=<colcon_defaults.argument_parser.defaults.DefaultArgumentsDecorator object at 0x79e435106e60>, verb_extension=<colcon_core.verb.build.BuildVerb object at 0x79e435106920>, main=<bound method BuildVerb.main of <colcon_core.verb.build.BuildVerb object at 0x79e435106920>>)
[0.729s] Level 1:colcon.colcon_core.package_discovery:discover_packages(colcon_meta) check parameters
[0.730s] Level 1:colcon.colcon_core.package_discovery:discover_packages(recursive) check parameters
[0.730s] Level 1:colcon.colcon_core.package_discovery:discover_packages(ignore) check parameters
[0.730s] Level 1:colcon.colcon_core.package_discovery:discover_packages(path) check parameters
[0.730s] Level 1:colcon.colcon_core.package_discovery:discover_packages(colcon_meta) discover
[0.730s] Level 1:colcon.colcon_core.package_discovery:discover_packages(recursive) discover
[0.730s] INFO:colcon.colcon_core.package_discovery:Crawling recursively for packages in '/home/yys/cleaning_robot_ws'
[0.730s] Level 1:colcon.colcon_core.package_identification:_identify(.) by extensions ['ignore', 'ignore_ament_install']
[0.730s] Level 1:colcon.colcon_core.package_identification:_identify(.) by extension 'ignore'
[0.730s] Level 1:colcon.colcon_core.package_identification:_identify(.) by extension 'ignore_ament_install'
[0.730s] Level 1:colcon.colcon_core.package_identification:_identify(.) by extensions ['colcon_pkg']
[0.730s] Level 1:colcon.colcon_core.package_identification:_identify(.) by extension 'colcon_pkg'
[0.730s] Level 1:colcon.colcon_core.package_identification:_identify(.) by extensions ['colcon_meta']
[0.730s] Level 1:colcon.colcon_core.package_identification:_identify(.) by extension 'colcon_meta'
[0.730s] Level 1:colcon.colcon_core.package_identification:_identify(.) by extensions ['ros']
[0.730s] Level 1:colcon.colcon_core.package_identification:_identify(.) by extension 'ros'
[0.746s] Level 1:colcon.colcon_core.package_identification:_identify(.) by extensions ['cmake', 'python']
[0.746s] Level 1:colcon.colcon_core.package_identification:_identify(.) by extension 'cmake'
[0.746s] Level 1:colcon.colcon_core.package_identification:_identify(.) by extension 'python'
[0.746s] Level 1:colcon.colcon_core.package_identification:_identify(.) by extensions ['python_setup_py']
[0.746s] Level 1:colcon.colcon_core.package_identification:_identify(.) by extension 'python_setup_py'
[0.746s] Level 1:colcon.colcon_core.package_identification:_identify(build) by extensions ['ignore', 'ignore_ament_install']
[0.746s] Level 1:colcon.colcon_core.package_identification:_identify(build) by extension 'ignore'
[0.746s] Level 1:colcon.colcon_core.package_identification:_identify(build) ignored
[0.746s] Level 1:colcon.colcon_core.package_identification:_identify(install) by extensions ['ignore', 'ignore_ament_install']
[0.747s] Level 1:colcon.colcon_core.package_identification:_identify(install) by extension 'ignore'
[0.747s] Level 1:colcon.colcon_core.package_identification:_identify(install) ignored
[0.747s] Level 1:colcon.colcon_core.package_identification:_identify(log) by extensions ['ignore', 'ignore_ament_install']
[0.747s] Level 1:colcon.colcon_core.package_identification:_identify(log) by extension 'ignore'
[0.747s] Level 1:colcon.colcon_core.package_identification:_identify(log) ignored
[0.747s] Level 1:colcon.colcon_core.package_identification:_identify(src) by extensions ['ignore', 'ignore_ament_install']
[0.747s] Level 1:colcon.colcon_core.package_identification:_identify(src) by extension 'ignore'
[0.747s] Level 1:colcon.colcon_core.package_identification:_identify(src) by extension 'ignore_ament_install'
[0.747s] Level 1:colcon.colcon_core.package_identification:_identify(src) by extensions ['colcon_pkg']
[0.747s] Level 1:colcon.colcon_core.package_identification:_identify(src) by extension 'colcon_pkg'
[0.747s] Level 1:colcon.colcon_core.package_identification:_identify(src) by extensions ['colcon_meta']
[0.747s] Level 1:colcon.colcon_core.package_identification:_identify(src) by extension 'colcon_meta'
[0.747s] Level 1:colcon.colcon_core.package_identification:_identify(src) by extensions ['ros']
[0.747s] Level 1:colcon.colcon_core.package_identification:_identify(src) by extension 'ros'
[0.747s] Level 1:colcon.colcon_core.package_identification:_identify(src) by extensions ['cmake', 'python']
[0.747s] Level 1:colcon.colcon_core.package_identification:_identify(src) by extension 'cmake'
[0.747s] Level 1:colcon.colcon_core.package_identification:_identify(src) by extension 'python'
[0.747s] Level 1:colcon.colcon_core.package_identification:_identify(src) by extensions ['python_setup_py']
[0.747s] Level 1:colcon.colcon_core.package_identification:_identify(src) by extension 'python_setup_py'
[0.747s] Level 1:colcon.colcon_core.package_identification:_identify(src/build) by extensions ['ignore', 'ignore_ament_install']
[0.747s] Level 1:colcon.colcon_core.package_identification:_identify(src/build) by extension 'ignore'
[0.747s] Level 1:colcon.colcon_core.package_identification:_identify(src/build) ignored
[0.747s] Level 1:colcon.colcon_core.package_identification:_identify(src/cleaning_robot_control) by extensions ['ignore', 'ignore_ament_install']
[0.748s] Level 1:colcon.colcon_core.package_identification:_identify(src/cleaning_robot_control) by extension 'ignore'
[0.748s] Level 1:colcon.colcon_core.package_identification:_identify(src/cleaning_robot_control) by extension 'ignore_ament_install'
[0.748s] Level 1:colcon.colcon_core.package_identification:_identify(src/cleaning_robot_control) by extensions ['colcon_pkg']
[0.748s] Level 1:colcon.colcon_core.package_identification:_identify(src/cleaning_robot_control) by extension 'colcon_pkg'
[0.748s] Level 1:colcon.colcon_core.package_identification:_identify(src/cleaning_robot_control) by extensions ['colcon_meta']
[0.748s] Level 1:colcon.colcon_core.package_identification:_identify(src/cleaning_robot_control) by extension 'colcon_meta'
[0.748s] Level 1:colcon.colcon_core.package_identification:_identify(src/cleaning_robot_control) by extensions ['ros']
[0.748s] Level 1:colcon.colcon_core.package_identification:_identify(src/cleaning_robot_control) by extension 'ros'
[0.754s] DEBUG:colcon.colcon_core.package_identification:Package 'src/cleaning_robot_control' with type 'ros.ament_python' and name 'cleaning_robot_control'
[0.754s] Level 1:colcon.colcon_core.package_identification:_identify(src/cleaning_robot_description) by extensions ['ignore', 'ignore_ament_install']
[0.754s] Level 1:colcon.colcon_core.package_identification:_identify(src/cleaning_robot_description) by extension 'ignore'
[0.754s] Level 1:colcon.colcon_core.package_identification:_identify(src/cleaning_robot_description) by extension 'ignore_ament_install'
[0.754s] Level 1:colcon.colcon_core.package_identification:_identify(src/cleaning_robot_description) by extensions ['colcon_pkg']
[0.754s] Level 1:colcon.colcon_core.package_identification:_identify(src/cleaning_robot_description) by extension 'colcon_pkg'
[0.754s] Level 1:colcon.colcon_core.package_identification:_identify(src/cleaning_robot_description) by extensions ['colcon_meta']
[0.754s] Level 1:colcon.colcon_core.package_identification:_identify(src/cleaning_robot_description) by extension 'colcon_meta'
[0.754s] Level 1:colcon.colcon_core.package_identification:_identify(src/cleaning_robot_description) by extensions ['ros']
[0.754s] Level 1:colcon.colcon_core.package_identification:_identify(src/cleaning_robot_description) by extension 'ros'
[0.755s] DEBUG:colcon.colcon_core.package_identification:Package 'src/cleaning_robot_description' with type 'ros.ament_cmake' and name 'cleaning_robot_description'
[0.755s] Level 1:colcon.colcon_core.package_identification:_identify(src/cleaning_robot_msgs) by extensions ['ignore', 'ignore_ament_install']
[0.756s] Level 1:colcon.colcon_core.package_identification:_identify(src/cleaning_robot_msgs) by extension 'ignore'
[0.756s] Level 1:colcon.colcon_core.package_identification:_identify(src/cleaning_robot_msgs) by extension 'ignore_ament_install'
[0.756s] Level 1:colcon.colcon_core.package_identification:_identify(src/cleaning_robot_msgs) by extensions ['colcon_pkg']
[0.756s] Level 1:colcon.colcon_core.package_identification:_identify(src/cleaning_robot_msgs) by extension 'colcon_pkg'
[0.756s] Level 1:colcon.colcon_core.package_identification:_identify(src/cleaning_robot_msgs) by extensions ['colcon_meta']
[0.756s] Level 1:colcon.colcon_core.package_identification:_identify(src/cleaning_robot_msgs) by extension 'colcon_meta'
[0.756s] Level 1:colcon.colcon_core.package_identification:_identify(src/cleaning_robot_msgs) by extensions ['ros']
[0.756s] Level 1:colcon.colcon_core.package_identification:_identify(src/cleaning_robot_msgs) by extension 'ros'
[0.756s] Level 1:colcon.colcon_core.package_identification:_identify(src/cleaning_robot_msgs) by extensions ['cmake', 'python']
[0.756s] Level 1:colcon.colcon_core.package_identification:_identify(src/cleaning_robot_msgs) by extension 'cmake'
[0.756s] Level 1:colcon.colcon_core.package_identification:_identify(src/cleaning_robot_msgs) by extension 'python'
[0.756s] Level 1:colcon.colcon_core.package_identification:_identify(src/cleaning_robot_msgs) by extensions ['python_setup_py']
[0.756s] Level 1:colcon.colcon_core.package_identification:_identify(src/cleaning_robot_msgs) by extension 'python_setup_py'
[0.756s] Level 1:colcon.colcon_core.package_identification:_identify(src/cleaning_robot_msgs/action) by extensions ['ignore', 'ignore_ament_install']
[0.756s] Level 1:colcon.colcon_core.package_identification:_identify(src/cleaning_robot_msgs/action) by extension 'ignore'
[0.756s] Level 1:colcon.colcon_core.package_identification:_identify(src/cleaning_robot_msgs/action) by extension 'ignore_ament_install'
[0.756s] Level 1:colcon.colcon_core.package_identification:_identify(src/cleaning_robot_msgs/action) by extensions ['colcon_pkg']
[0.756s] Level 1:colcon.colcon_core.package_identification:_identify(src/cleaning_robot_msgs/action) by extension 'colcon_pkg'
[0.756s] Level 1:colcon.colcon_core.package_identification:_identify(src/cleaning_robot_msgs/action) by extensions ['colcon_meta']
[0.756s] Level 1:colcon.colcon_core.package_identification:_identify(src/cleaning_robot_msgs/action) by extension 'colcon_meta'
[0.756s] Level 1:colcon.colcon_core.package_identification:_identify(src/cleaning_robot_msgs/action) by extensions ['ros']
[0.756s] Level 1:colcon.colcon_core.package_identification:_identify(src/cleaning_robot_msgs/action) by extension 'ros'
[0.757s] Level 1:colcon.colcon_core.package_identification:_identify(src/cleaning_robot_msgs/action) by extensions ['cmake', 'python']
[0.757s] Level 1:colcon.colcon_core.package_identification:_identify(src/cleaning_robot_msgs/action) by extension 'cmake'
[0.757s] Level 1:colcon.colcon_core.package_identification:_identify(src/cleaning_robot_msgs/action) by extension 'python'
[0.757s] Level 1:colcon.colcon_core.package_identification:_identify(src/cleaning_robot_msgs/action) by extensions ['python_setup_py']
[0.757s] Level 1:colcon.colcon_core.package_identification:_identify(src/cleaning_robot_msgs/action) by extension 'python_setup_py'
[0.757s] Level 1:colcon.colcon_core.package_identification:_identify(src/cleaning_robot_msgs/include) by extensions ['ignore', 'ignore_ament_install']
[0.757s] Level 1:colcon.colcon_core.package_identification:_identify(src/cleaning_robot_msgs/include) by extension 'ignore'
[0.757s] Level 1:colcon.colcon_core.package_identification:_identify(src/cleaning_robot_msgs/include) by extension 'ignore_ament_install'
[0.757s] Level 1:colcon.colcon_core.package_identification:_identify(src/cleaning_robot_msgs/include) by extensions ['colcon_pkg']
[0.757s] Level 1:colcon.colcon_core.package_identification:_identify(src/cleaning_robot_msgs/include) by extension 'colcon_pkg'
[0.757s] Level 1:colcon.colcon_core.package_identification:_identify(src/cleaning_robot_msgs/include) by extensions ['colcon_meta']
[0.757s] Level 1:colcon.colcon_core.package_identification:_identify(src/cleaning_robot_msgs/include) by extension 'colcon_meta'
[0.757s] Level 1:colcon.colcon_core.package_identification:_identify(src/cleaning_robot_msgs/include) by extensions ['ros']
[0.757s] Level 1:colcon.colcon_core.package_identification:_identify(src/cleaning_robot_msgs/include) by extension 'ros'
[0.758s] Level 1:colcon.colcon_core.package_identification:_identify(src/cleaning_robot_msgs/include) by extensions ['cmake', 'python']
[0.758s] Level 1:colcon.colcon_core.package_identification:_identify(src/cleaning_robot_msgs/include) by extension 'cmake'
[0.758s] Level 1:colcon.colcon_core.package_identification:_identify(src/cleaning_robot_msgs/include) by extension 'python'
[0.758s] Level 1:colcon.colcon_core.package_identification:_identify(src/cleaning_robot_msgs/include) by extensions ['python_setup_py']
[0.758s] Level 1:colcon.colcon_core.package_identification:_identify(src/cleaning_robot_msgs/include) by extension 'python_setup_py'
[0.758s] Level 1:colcon.colcon_core.package_identification:_identify(src/cleaning_robot_msgs/msg) by extensions ['ignore', 'ignore_ament_install']
[0.758s] Level 1:colcon.colcon_core.package_identification:_identify(src/cleaning_robot_msgs/msg) by extension 'ignore'
[0.758s] Level 1:colcon.colcon_core.package_identification:_identify(src/cleaning_robot_msgs/msg) by extension 'ignore_ament_install'
[0.758s] Level 1:colcon.colcon_core.package_identification:_identify(src/cleaning_robot_msgs/msg) by extensions ['colcon_pkg']
[0.758s] Level 1:colcon.colcon_core.package_identification:_identify(src/cleaning_robot_msgs/msg) by extension 'colcon_pkg'
[0.758s] Level 1:colcon.colcon_core.package_identification:_identify(src/cleaning_robot_msgs/msg) by extensions ['colcon_meta']
[0.758s] Level 1:colcon.colcon_core.package_identification:_identify(src/cleaning_robot_msgs/msg) by extension 'colcon_meta'
[0.758s] Level 1:colcon.colcon_core.package_identification:_identify(src/cleaning_robot_msgs/msg) by extensions ['ros']
[0.758s] Level 1:colcon.colcon_core.package_identification:_identify(src/cleaning_robot_msgs/msg) by extension 'ros'
[0.758s] Level 1:colcon.colcon_core.package_identification:_identify(src/cleaning_robot_msgs/msg) by extensions ['cmake', 'python']
[0.758s] Level 1:colcon.colcon_core.package_identification:_identify(src/cleaning_robot_msgs/msg) by extension 'cmake'
[0.758s] Level 1:colcon.colcon_core.package_identification:_identify(src/cleaning_robot_msgs/msg) by extension 'python'
[0.758s] Level 1:colcon.colcon_core.package_identification:_identify(src/cleaning_robot_msgs/msg) by extensions ['python_setup_py']
[0.758s] Level 1:colcon.colcon_core.package_identification:_identify(src/cleaning_robot_msgs/msg) by extension 'python_setup_py'
[0.758s] Level 1:colcon.colcon_core.package_identification:_identify(src/cleaning_robot_msgs/src) by extensions ['ignore', 'ignore_ament_install']
[0.758s] Level 1:colcon.colcon_core.package_identification:_identify(src/cleaning_robot_msgs/src) by extension 'ignore'
[0.758s] Level 1:colcon.colcon_core.package_identification:_identify(src/cleaning_robot_msgs/src) by extension 'ignore_ament_install'
[0.758s] Level 1:colcon.colcon_core.package_identification:_identify(src/cleaning_robot_msgs/src) by extensions ['colcon_pkg']
[0.758s] Level 1:colcon.colcon_core.package_identification:_identify(src/cleaning_robot_msgs/src) by extension 'colcon_pkg'
[0.759s] Level 1:colcon.colcon_core.package_identification:_identify(src/cleaning_robot_msgs/src) by extensions ['colcon_meta']
[0.759s] Level 1:colcon.colcon_core.package_identification:_identify(src/cleaning_robot_msgs/src) by extension 'colcon_meta'
[0.759s] Level 1:colcon.colcon_core.package_identification:_identify(src/cleaning_robot_msgs/src) by extensions ['ros']
[0.759s] Level 1:colcon.colcon_core.package_identification:_identify(src/cleaning_robot_msgs/src) by extension 'ros'
[0.759s] Level 1:colcon.colcon_core.package_identification:_identify(src/cleaning_robot_msgs/src) by extensions ['cmake', 'python']
[0.759s] Level 1:colcon.colcon_core.package_identification:_identify(src/cleaning_robot_msgs/src) by extension 'cmake'
[0.759s] Level 1:colcon.colcon_core.package_identification:_identify(src/cleaning_robot_msgs/src) by extension 'python'
[0.759s] Level 1:colcon.colcon_core.package_identification:_identify(src/cleaning_robot_msgs/src) by extensions ['python_setup_py']
[0.759s] Level 1:colcon.colcon_core.package_identification:_identify(src/cleaning_robot_msgs/src) by extension 'python_setup_py'
[0.759s] Level 1:colcon.colcon_core.package_identification:_identify(src/cleaning_robot_msgs/srv) by extensions ['ignore', 'ignore_ament_install']
[0.759s] Level 1:colcon.colcon_core.package_identification:_identify(src/cleaning_robot_msgs/srv) by extension 'ignore'
[0.760s] Level 1:colcon.colcon_core.package_identification:_identify(src/cleaning_robot_msgs/srv) by extension 'ignore_ament_install'
[0.760s] Level 1:colcon.colcon_core.package_identification:_identify(src/cleaning_robot_msgs/srv) by extensions ['colcon_pkg']
[0.760s] Level 1:colcon.colcon_core.package_identification:_identify(src/cleaning_robot_msgs/srv) by extension 'colcon_pkg'
[0.760s] Level 1:colcon.colcon_core.package_identification:_identify(src/cleaning_robot_msgs/srv) by extensions ['colcon_meta']
[0.760s] Level 1:colcon.colcon_core.package_identification:_identify(src/cleaning_robot_msgs/srv) by extension 'colcon_meta'
[0.760s] Level 1:colcon.colcon_core.package_identification:_identify(src/cleaning_robot_msgs/srv) by extensions ['ros']
[0.760s] Level 1:colcon.colcon_core.package_identification:_identify(src/cleaning_robot_msgs/srv) by extension 'ros'
[0.760s] Level 1:colcon.colcon_core.package_identification:_identify(src/cleaning_robot_msgs/srv) by extensions ['cmake', 'python']
[0.760s] Level 1:colcon.colcon_core.package_identification:_identify(src/cleaning_robot_msgs/srv) by extension 'cmake'
[0.760s] Level 1:colcon.colcon_core.package_identification:_identify(src/cleaning_robot_msgs/srv) by extension 'python'
[0.760s] Level 1:colcon.colcon_core.package_identification:_identify(src/cleaning_robot_msgs/srv) by extensions ['python_setup_py']
[0.760s] Level 1:colcon.colcon_core.package_identification:_identify(src/cleaning_robot_msgs/srv) by extension 'python_setup_py'
[0.760s] Level 1:colcon.colcon_core.package_identification:_identify(src/cleaning_robot_navigation) by extensions ['ignore', 'ignore_ament_install']
[0.760s] Level 1:colcon.colcon_core.package_identification:_identify(src/cleaning_robot_navigation) by extension 'ignore'
[0.760s] Level 1:colcon.colcon_core.package_identification:_identify(src/cleaning_robot_navigation) by extension 'ignore_ament_install'
[0.761s] Level 1:colcon.colcon_core.package_identification:_identify(src/cleaning_robot_navigation) by extensions ['colcon_pkg']
[0.761s] Level 1:colcon.colcon_core.package_identification:_identify(src/cleaning_robot_navigation) by extension 'colcon_pkg'
[0.761s] Level 1:colcon.colcon_core.package_identification:_identify(src/cleaning_robot_navigation) by extensions ['colcon_meta']
[0.761s] Level 1:colcon.colcon_core.package_identification:_identify(src/cleaning_robot_navigation) by extension 'colcon_meta'
[0.761s] Level 1:colcon.colcon_core.package_identification:_identify(src/cleaning_robot_navigation) by extensions ['ros']
[0.761s] Level 1:colcon.colcon_core.package_identification:_identify(src/cleaning_robot_navigation) by extension 'ros'
[0.762s] DEBUG:colcon.colcon_core.package_identification:Package 'src/cleaning_robot_navigation' with type 'ros.ament_python' and name 'cleaning_robot_navigation'
[0.762s] Level 1:colcon.colcon_core.package_identification:_identify(src/cleaning_robot_perception) by extensions ['ignore', 'ignore_ament_install']
[0.762s] Level 1:colcon.colcon_core.package_identification:_identify(src/cleaning_robot_perception) by extension 'ignore'
[0.762s] Level 1:colcon.colcon_core.package_identification:_identify(src/cleaning_robot_perception) by extension 'ignore_ament_install'
[0.763s] Level 1:colcon.colcon_core.package_identification:_identify(src/cleaning_robot_perception) by extensions ['colcon_pkg']
[0.763s] Level 1:colcon.colcon_core.package_identification:_identify(src/cleaning_robot_perception) by extension 'colcon_pkg'
[0.763s] Level 1:colcon.colcon_core.package_identification:_identify(src/cleaning_robot_perception) by extensions ['colcon_meta']
[0.763s] Level 1:colcon.colcon_core.package_identification:_identify(src/cleaning_robot_perception) by extension 'colcon_meta'
[0.763s] Level 1:colcon.colcon_core.package_identification:_identify(src/cleaning_robot_perception) by extensions ['ros']
[0.763s] Level 1:colcon.colcon_core.package_identification:_identify(src/cleaning_robot_perception) by extension 'ros'
[0.764s] DEBUG:colcon.colcon_core.package_identification:Package 'src/cleaning_robot_perception' with type 'ros.ament_python' and name 'cleaning_robot_perception'
[0.764s] Level 1:colcon.colcon_core.package_identification:_identify(src/cleaning_robot_slam) by extensions ['ignore', 'ignore_ament_install']
[0.764s] Level 1:colcon.colcon_core.package_identification:_identify(src/cleaning_robot_slam) by extension 'ignore'
[0.764s] Level 1:colcon.colcon_core.package_identification:_identify(src/cleaning_robot_slam) by extension 'ignore_ament_install'
[0.764s] Level 1:colcon.colcon_core.package_identification:_identify(src/cleaning_robot_slam) by extensions ['colcon_pkg']
[0.764s] Level 1:colcon.colcon_core.package_identification:_identify(src/cleaning_robot_slam) by extension 'colcon_pkg'
[0.764s] Level 1:colcon.colcon_core.package_identification:_identify(src/cleaning_robot_slam) by extensions ['colcon_meta']
[0.764s] Level 1:colcon.colcon_core.package_identification:_identify(src/cleaning_robot_slam) by extension 'colcon_meta'
[0.764s] Level 1:colcon.colcon_core.package_identification:_identify(src/cleaning_robot_slam) by extensions ['ros']
[0.764s] Level 1:colcon.colcon_core.package_identification:_identify(src/cleaning_robot_slam) by extension 'ros'
[0.765s] DEBUG:colcon.colcon_core.package_identification:Package 'src/cleaning_robot_slam' with type 'ros.ament_python' and name 'cleaning_robot_slam'
[0.765s] Level 1:colcon.colcon_core.package_identification:_identify(src/install) by extensions ['ignore', 'ignore_ament_install']
[0.765s] Level 1:colcon.colcon_core.package_identification:_identify(src/install) by extension 'ignore'
[0.765s] Level 1:colcon.colcon_core.package_identification:_identify(src/install) ignored
[0.765s] Level 1:colcon.colcon_core.package_identification:_identify(src/log) by extensions ['ignore', 'ignore_ament_install']
[0.765s] Level 1:colcon.colcon_core.package_identification:_identify(src/log) by extension 'ignore'
[0.765s] Level 1:colcon.colcon_core.package_identification:_identify(src/log) ignored
[0.765s] Level 1:colcon.colcon_core.package_identification:_identify(src/lslidar_driver) by extensions ['ignore', 'ignore_ament_install']
[0.765s] Level 1:colcon.colcon_core.package_identification:_identify(src/lslidar_driver) by extension 'ignore'
[0.765s] Level 1:colcon.colcon_core.package_identification:_identify(src/lslidar_driver) by extension 'ignore_ament_install'
[0.766s] Level 1:colcon.colcon_core.package_identification:_identify(src/lslidar_driver) by extensions ['colcon_pkg']
[0.766s] Level 1:colcon.colcon_core.package_identification:_identify(src/lslidar_driver) by extension 'colcon_pkg'
[0.766s] Level 1:colcon.colcon_core.package_identification:_identify(src/lslidar_driver) by extensions ['colcon_meta']
[0.766s] Level 1:colcon.colcon_core.package_identification:_identify(src/lslidar_driver) by extension 'colcon_meta'
[0.766s] Level 1:colcon.colcon_core.package_identification:_identify(src/lslidar_driver) by extensions ['ros']
[0.766s] Level 1:colcon.colcon_core.package_identification:_identify(src/lslidar_driver) by extension 'ros'
[0.767s] DEBUG:colcon.colcon_core.package_identification:Package 'src/lslidar_driver' with type 'ros.ament_cmake' and name 'lslidar_driver'
[0.767s] Level 1:colcon.colcon_core.package_identification:_identify(src/lslidar_msgs) by extensions ['ignore', 'ignore_ament_install']
[0.767s] Level 1:colcon.colcon_core.package_identification:_identify(src/lslidar_msgs) by extension 'ignore'
[0.767s] Level 1:colcon.colcon_core.package_identification:_identify(src/lslidar_msgs) by extension 'ignore_ament_install'
[0.767s] Level 1:colcon.colcon_core.package_identification:_identify(src/lslidar_msgs) by extensions ['colcon_pkg']
[0.767s] Level 1:colcon.colcon_core.package_identification:_identify(src/lslidar_msgs) by extension 'colcon_pkg'
[0.767s] Level 1:colcon.colcon_core.package_identification:_identify(src/lslidar_msgs) by extensions ['colcon_meta']
[0.767s] Level 1:colcon.colcon_core.package_identification:_identify(src/lslidar_msgs) by extension 'colcon_meta'
[0.767s] Level 1:colcon.colcon_core.package_identification:_identify(src/lslidar_msgs) by extensions ['ros']
[0.767s] Level 1:colcon.colcon_core.package_identification:_identify(src/lslidar_msgs) by extension 'ros'
[0.768s] DEBUG:colcon.colcon_core.package_identification:Package 'src/lslidar_msgs' with type 'ros.ament_cmake' and name 'lslidar_msgs'
[0.768s] Level 1:colcon.colcon_core.package_discovery:discover_packages(recursive) using defaults
[0.768s] Level 1:colcon.colcon_core.package_discovery:discover_packages(ignore) discover
[0.768s] Level 1:colcon.colcon_core.package_discovery:discover_packages(ignore) using defaults
[0.768s] Level 1:colcon.colcon_core.package_discovery:discover_packages(path) discover
[0.768s] Level 1:colcon.colcon_core.package_discovery:discover_packages(path) using defaults
[0.811s] INFO:colcon.colcon_core.package_selection:Skipping not selected package 'cleaning_robot_control' in 'src/cleaning_robot_control'
[0.811s] INFO:colcon.colcon_core.package_selection:Skipping not selected package 'cleaning_robot_navigation' in 'src/cleaning_robot_navigation'
[0.811s] INFO:colcon.colcon_core.package_selection:Skipping not selected package 'cleaning_robot_perception' in 'src/cleaning_robot_perception'
[0.811s] INFO:colcon.colcon_core.package_selection:Skipping not selected package 'cleaning_robot_slam' in 'src/cleaning_robot_slam'
[0.811s] INFO:colcon.colcon_core.package_selection:Skipping not selected package 'lslidar_msgs' in 'src/lslidar_msgs'
[0.811s] INFO:colcon.colcon_core.package_selection:Skipping not selected package 'lslidar_driver' in 'src/lslidar_driver'
[0.812s] Level 1:colcon.colcon_core.package_discovery:discover_packages(prefix_path) check parameters
[0.812s] Level 1:colcon.colcon_core.package_discovery:discover_packages(prefix_path) discover
[0.816s] Level 1:colcon.colcon_core.package_discovery:discover_packages(prefix_path) using defaults
[0.818s] Level 5:colcon.colcon_core.verb:set package 'cleaning_robot_description' build argument 'cmake_args' from command line to 'None'
[0.818s] Level 5:colcon.colcon_core.verb:set package 'cleaning_robot_description' build argument 'cmake_target' from command line to 'None'
[0.818s] Level 5:colcon.colcon_core.verb:set package 'cleaning_robot_description' build argument 'cmake_target_skip_unavailable' from command line to 'False'
[0.818s] Level 5:colcon.colcon_core.verb:set package 'cleaning_robot_description' build argument 'cmake_clean_cache' from command line to 'False'
[0.818s] Level 5:colcon.colcon_core.verb:set package 'cleaning_robot_description' build argument 'cmake_clean_first' from command line to 'False'
[0.818s] Level 5:colcon.colcon_core.verb:set package 'cleaning_robot_description' build argument 'cmake_force_configure' from command line to 'False'
[0.818s] Level 5:colcon.colcon_core.verb:set package 'cleaning_robot_description' build argument 'ament_cmake_args' from command line to 'None'
[0.818s] Level 5:colcon.colcon_core.verb:set package 'cleaning_robot_description' build argument 'catkin_cmake_args' from command line to 'None'
[0.818s] Level 5:colcon.colcon_core.verb:set package 'cleaning_robot_description' build argument 'catkin_skip_building_tests' from command line to 'False'
[0.818s] DEBUG:colcon.colcon_core.verb:Building package 'cleaning_robot_description' with the following arguments: {'ament_cmake_args': None, 'build_base': '/home/yys/cleaning_robot_ws/build/cleaning_robot_description', 'catkin_cmake_args': None, 'catkin_skip_building_tests': False, 'cmake_args': None, 'cmake_clean_cache': False, 'cmake_clean_first': False, 'cmake_force_configure': False, 'cmake_target': None, 'cmake_target_skip_unavailable': False, 'install_base': '/home/yys/cleaning_robot_ws/install/cleaning_robot_description', 'merge_install': False, 'path': '/home/yys/cleaning_robot_ws/src/cleaning_robot_description', 'symlink_install': False, 'test_result_base': None}
[0.819s] INFO:colcon.colcon_core.executor:Executing jobs using 'parallel' executor
[0.820s] DEBUG:colcon.colcon_parallel_executor.executor.parallel:run_until_complete
[0.820s] INFO:colcon.colcon_ros.task.ament_cmake.build:Building ROS package in '/home/yys/cleaning_robot_ws/src/cleaning_robot_description' with build type 'ament_cmake'
[0.821s] INFO:colcon.colcon_cmake.task.cmake.build:Building CMake package in '/home/yys/cleaning_robot_ws/src/cleaning_robot_description'
[0.829s] INFO:colcon.colcon_core.plugin_system:Skipping extension 'colcon_core.shell.bat': Not used on non-Windows systems
[0.829s] INFO:colcon.colcon_core.shell:Skip shell extension 'powershell' for command environment: Not usable outside of PowerShell
[0.829s] DEBUG:colcon.colcon_core.shell:Skip shell extension 'dsv' for command environment
[0.839s] DEBUG:colcon.colcon_core.event_handler.log_command:Invoking command in '/home/yys/cleaning_robot_ws/build/cleaning_robot_description': /usr/bin/cmake --build /home/yys/cleaning_robot_ws/build/cleaning_robot_description -- -j16 -l16
[0.987s] DEBUG:colcon.colcon_core.event_handler.log_command:Invoked command in '/home/yys/cleaning_robot_ws/build/cleaning_robot_description' returned '0': /usr/bin/cmake --build /home/yys/cleaning_robot_ws/build/cleaning_robot_description -- -j16 -l16
[0.998s] DEBUG:colcon.colcon_core.event_handler.log_command:Invoking command in '/home/yys/cleaning_robot_ws/build/cleaning_robot_description': /usr/bin/cmake --install /home/yys/cleaning_robot_ws/build/cleaning_robot_description
[1.007s] Level 1:colcon.colcon_core.environment:create_environment_scripts_only(cleaning_robot_description)
[1.008s] DEBUG:colcon.colcon_core.event_handler.log_command:Invoked command in '/home/yys/cleaning_robot_ws/build/cleaning_robot_description' returned '0': /usr/bin/cmake --install /home/yys/cleaning_robot_ws/build/cleaning_robot_description
[1.017s] Level 1:colcon.colcon_core.environment:checking '/home/yys/cleaning_robot_ws/install/cleaning_robot_description' for CMake module files
[1.018s] Level 1:colcon.colcon_core.environment:checking '/home/yys/cleaning_robot_ws/install/cleaning_robot_description' for CMake config files
[1.018s] Level 1:colcon.colcon_core.shell:create_environment_hook('cleaning_robot_description', 'cmake_prefix_path')
[1.018s] INFO:colcon.colcon_core.shell:Creating environment hook '/home/yys/cleaning_robot_ws/install/cleaning_robot_description/share/cleaning_robot_description/hook/cmake_prefix_path.ps1'
[1.020s] INFO:colcon.colcon_core.shell:Creating environment descriptor '/home/yys/cleaning_robot_ws/install/cleaning_robot_description/share/cleaning_robot_description/hook/cmake_prefix_path.dsv'
[1.021s] INFO:colcon.colcon_core.shell:Creating environment hook '/home/yys/cleaning_robot_ws/install/cleaning_robot_description/share/cleaning_robot_description/hook/cmake_prefix_path.sh'
[1.022s] Level 1:colcon.colcon_core.environment:checking '/home/yys/cleaning_robot_ws/install/cleaning_robot_description/bin'
[1.022s] Level 1:colcon.colcon_core.environment:checking '/home/yys/cleaning_robot_ws/install/cleaning_robot_description/lib/pkgconfig/cleaning_robot_description.pc'
[1.024s] Level 1:colcon.colcon_core.environment:checking '/home/yys/cleaning_robot_ws/install/cleaning_robot_description/lib/python3.10/site-packages'
[1.024s] Level 1:colcon.colcon_core.environment:checking '/home/yys/cleaning_robot_ws/install/cleaning_robot_description/bin'
[1.024s] INFO:colcon.colcon_core.shell:Creating package script '/home/yys/cleaning_robot_ws/install/cleaning_robot_description/share/cleaning_robot_description/package.ps1'
[1.026s] INFO:colcon.colcon_core.shell:Creating package descriptor '/home/yys/cleaning_robot_ws/install/cleaning_robot_description/share/cleaning_robot_description/package.dsv'
[1.026s] INFO:colcon.colcon_core.shell:Creating package script '/home/yys/cleaning_robot_ws/install/cleaning_robot_description/share/cleaning_robot_description/package.sh'
[1.028s] INFO:colcon.colcon_core.shell:Creating package script '/home/yys/cleaning_robot_ws/install/cleaning_robot_description/share/cleaning_robot_description/package.bash'
[1.029s] INFO:colcon.colcon_core.shell:Creating package script '/home/yys/cleaning_robot_ws/install/cleaning_robot_description/share/cleaning_robot_description/package.zsh'
[1.031s] Level 1:colcon.colcon_core.environment:create_file_with_runtime_dependencies(/home/yys/cleaning_robot_ws/install/cleaning_robot_description/share/colcon-core/packages/cleaning_robot_description)
[1.031s] Level 1:colcon.colcon_core.environment:create_environment_scripts_only(cleaning_robot_description)
[1.031s] Level 1:colcon.colcon_core.environment:checking '/home/yys/cleaning_robot_ws/install/cleaning_robot_description' for CMake module files
[1.032s] Level 1:colcon.colcon_core.environment:checking '/home/yys/cleaning_robot_ws/install/cleaning_robot_description' for CMake config files
[1.032s] Level 1:colcon.colcon_core.shell:create_environment_hook('cleaning_robot_description', 'cmake_prefix_path')
[1.032s] INFO:colcon.colcon_core.shell:Creating environment hook '/home/yys/cleaning_robot_ws/install/cleaning_robot_description/share/cleaning_robot_description/hook/cmake_prefix_path.ps1'
[1.032s] INFO:colcon.colcon_core.shell:Creating environment descriptor '/home/yys/cleaning_robot_ws/install/cleaning_robot_description/share/cleaning_robot_description/hook/cmake_prefix_path.dsv'
[1.033s] INFO:colcon.colcon_core.shell:Creating environment hook '/home/yys/cleaning_robot_ws/install/cleaning_robot_description/share/cleaning_robot_description/hook/cmake_prefix_path.sh'
[1.033s] Level 1:colcon.colcon_core.environment:checking '/home/yys/cleaning_robot_ws/install/cleaning_robot_description/bin'
[1.034s] Level 1:colcon.colcon_core.environment:checking '/home/yys/cleaning_robot_ws/install/cleaning_robot_description/lib/pkgconfig/cleaning_robot_description.pc'
[1.034s] Level 1:colcon.colcon_core.environment:checking '/home/yys/cleaning_robot_ws/install/cleaning_robot_description/lib/python3.10/site-packages'
[1.034s] Level 1:colcon.colcon_core.environment:checking '/home/yys/cleaning_robot_ws/install/cleaning_robot_description/bin'
[1.034s] INFO:colcon.colcon_core.shell:Creating package script '/home/yys/cleaning_robot_ws/install/cleaning_robot_description/share/cleaning_robot_description/package.ps1'
[1.035s] INFO:colcon.colcon_core.shell:Creating package descriptor '/home/yys/cleaning_robot_ws/install/cleaning_robot_description/share/cleaning_robot_description/package.dsv'
[1.036s] INFO:colcon.colcon_core.shell:Creating package script '/home/yys/cleaning_robot_ws/install/cleaning_robot_description/share/cleaning_robot_description/package.sh'
[1.036s] INFO:colcon.colcon_core.shell:Creating package script '/home/yys/cleaning_robot_ws/install/cleaning_robot_description/share/cleaning_robot_description/package.bash'
[1.037s] INFO:colcon.colcon_core.shell:Creating package script '/home/yys/cleaning_robot_ws/install/cleaning_robot_description/share/cleaning_robot_description/package.zsh'
[1.037s] Level 1:colcon.colcon_core.environment:create_file_with_runtime_dependencies(/home/yys/cleaning_robot_ws/install/cleaning_robot_description/share/colcon-core/packages/cleaning_robot_description)
[1.037s] DEBUG:colcon.colcon_parallel_executor.executor.parallel:closing loop
[1.038s] DEBUG:colcon.colcon_parallel_executor.executor.parallel:loop closed
[1.038s] DEBUG:colcon.colcon_parallel_executor.executor.parallel:run_until_complete finished with '0'
[1.038s] DEBUG:colcon.colcon_core.event_reactor:joining thread
[1.096s] INFO:colcon.colcon_core.plugin_system:Skipping extension 'colcon_notification.desktop_notification.notify_send': Could not find 'notify-send'
[1.096s] INFO:colcon.colcon_core.plugin_system:Skipping extension 'colcon_notification.desktop_notification.terminal_notifier': Not used on non-Darwin systems
[1.096s] INFO:colcon.colcon_core.plugin_system:Skipping extension 'colcon_notification.desktop_notification.win32': Not used on non-Windows systems
[1.096s] INFO:colcon.colcon_notification.desktop_notification:Sending desktop notification using 'notify2'
[1.097s] DEBUG:colcon.colcon_notification.desktop_notification.notify2:Failed to initialize notify2: org.freedesktop.DBus.Error.FileNotFound: Failed to connect to socket /run/user/1000/bus: No such file or directory
[1.097s] DEBUG:colcon.colcon_core.event_reactor:joined thread
[1.098s] INFO:colcon.colcon_core.shell:Creating prefix script '/home/yys/cleaning_robot_ws/install/local_setup.ps1'
[1.100s] INFO:colcon.colcon_core.shell:Creating prefix util module '/home/yys/cleaning_robot_ws/install/_local_setup_util_ps1.py'
[1.102s] INFO:colcon.colcon_core.shell:Creating prefix chain script '/home/yys/cleaning_robot_ws/install/setup.ps1'
[1.103s] INFO:colcon.colcon_core.shell:Creating prefix script '/home/yys/cleaning_robot_ws/install/local_setup.sh'
[1.104s] INFO:colcon.colcon_core.shell:Creating prefix util module '/home/yys/cleaning_robot_ws/install/_local_setup_util_sh.py'
[1.105s] INFO:colcon.colcon_core.shell:Creating prefix chain script '/home/yys/cleaning_robot_ws/install/setup.sh'
[1.106s] INFO:colcon.colcon_core.shell:Creating prefix script '/home/yys/cleaning_robot_ws/install/local_setup.bash'
[1.107s] INFO:colcon.colcon_core.shell:Creating prefix chain script '/home/yys/cleaning_robot_ws/install/setup.bash'
[1.108s] INFO:colcon.colcon_core.shell:Creating prefix script '/home/yys/cleaning_robot_ws/install/local_setup.zsh'
[1.109s] INFO:colcon.colcon_core.shell:Creating prefix chain script '/home/yys/cleaning_robot_ws/install/setup.zsh'
